Archive member included because of file (symbol)

C:\Users\Trenton Rochelle\Documents\LPCXpresso_7.3.0_186\workspace\lpc_board_ea_devkit_4088\Debug\liblpc_board_ea_devkit_4088.a(board.o)
                              ./src/statemachine.o (Board_UART_Init)
C:\Users\Trenton Rochelle\Documents\LPCXpresso_7.3.0_186\workspace\lpc_board_ea_devkit_4088\Debug\liblpc_board_ea_devkit_4088.a(board_sysinit.o)
                              ./src/sysinit.o (Board_SystemInit)
C:\Users\Trenton Rochelle\Documents\LPCXpresso_7.3.0_186\workspace\lpc_board_ea_devkit_4088\Debug\liblpc_board_ea_devkit_4088.a(uda1380.o)
                              C:\Users\Trenton Rochelle\Documents\LPCXpresso_7.3.0_186\workspace\lpc_board_ea_devkit_4088\Debug\liblpc_board_ea_devkit_4088.a(board.o) (UDA1380_Init)
C:\Users\Trenton Rochelle\Documents\LPCXpresso_7.3.0_186\workspace\lpc_chip_40xx\Debug\liblpc_chip_40xx.a(adc_17xx_40xx.o)
                              ./src/statemachine.o (Chip_ADC_Init)
C:\Users\Trenton Rochelle\Documents\LPCXpresso_7.3.0_186\workspace\lpc_chip_40xx\Debug\liblpc_chip_40xx.a(chip_17xx_40xx.o)
                              ./src/SmashPad.o (SystemCoreClockUpdate)
C:\Users\Trenton Rochelle\Documents\LPCXpresso_7.3.0_186\workspace\lpc_chip_40xx\Debug\liblpc_chip_40xx.a(clock_17xx_40xx.o)
                              C:\Users\Trenton Rochelle\Documents\LPCXpresso_7.3.0_186\workspace\lpc_chip_40xx\Debug\liblpc_chip_40xx.a(chip_17xx_40xx.o) (Chip_Clock_SetupPLL)
C:\Users\Trenton Rochelle\Documents\LPCXpresso_7.3.0_186\workspace\lpc_chip_40xx\Debug\liblpc_chip_40xx.a(emc_17xx_40xx.o)
                              C:\Users\Trenton Rochelle\Documents\LPCXpresso_7.3.0_186\workspace\lpc_board_ea_devkit_4088\Debug\liblpc_board_ea_devkit_4088.a(board_sysinit.o) (Chip_EMC_Dynamic_Init)
C:\Users\Trenton Rochelle\Documents\LPCXpresso_7.3.0_186\workspace\lpc_chip_40xx\Debug\liblpc_chip_40xx.a(fpu_init.o)
                              ./src/sysinit.o (fpuInit)
C:\Users\Trenton Rochelle\Documents\LPCXpresso_7.3.0_186\workspace\lpc_chip_40xx\Debug\liblpc_chip_40xx.a(i2c_17xx_40xx.o)
                              C:\Users\Trenton Rochelle\Documents\LPCXpresso_7.3.0_186\workspace\lpc_board_ea_devkit_4088\Debug\liblpc_board_ea_devkit_4088.a(uda1380.o) (Chip_I2C_Init)
C:\Users\Trenton Rochelle\Documents\LPCXpresso_7.3.0_186\workspace\lpc_chip_40xx\Debug\liblpc_chip_40xx.a(i2s_17xx_40xx.o)
                              C:\Users\Trenton Rochelle\Documents\LPCXpresso_7.3.0_186\workspace\lpc_board_ea_devkit_4088\Debug\liblpc_board_ea_devkit_4088.a(board.o) (Chip_I2S_Init)
C:\Users\Trenton Rochelle\Documents\LPCXpresso_7.3.0_186\workspace\lpc_chip_40xx\Debug\liblpc_chip_40xx.a(iocon_17xx_40xx.o)
                              C:\Users\Trenton Rochelle\Documents\LPCXpresso_7.3.0_186\workspace\lpc_board_ea_devkit_4088\Debug\liblpc_board_ea_devkit_4088.a(board_sysinit.o) (Chip_IOCON_SetPinMuxing)
C:\Users\Trenton Rochelle\Documents\LPCXpresso_7.3.0_186\workspace\lpc_chip_40xx\Debug\liblpc_chip_40xx.a(ring_buffer.o)
                              ./src/statemachine.o (RingBuffer_Init)
C:\Users\Trenton Rochelle\Documents\LPCXpresso_7.3.0_186\workspace\lpc_chip_40xx\Debug\liblpc_chip_40xx.a(ssp_17xx_40xx.o)
                              ./src/lcd.o (Chip_SSP_WriteFrames_Blocking)
C:\Users\Trenton Rochelle\Documents\LPCXpresso_7.3.0_186\workspace\lpc_chip_40xx\Debug\liblpc_chip_40xx.a(sysctl_17xx_40xx.o)
                              C:\Users\Trenton Rochelle\Documents\LPCXpresso_7.3.0_186\workspace\lpc_board_ea_devkit_4088\Debug\liblpc_board_ea_devkit_4088.a(board_sysinit.o) (Chip_SYSCTL_PeriphReset)
C:\Users\Trenton Rochelle\Documents\LPCXpresso_7.3.0_186\workspace\lpc_chip_40xx\Debug\liblpc_chip_40xx.a(sysinit_17xx_40xx.o)
                              C:\Users\Trenton Rochelle\Documents\LPCXpresso_7.3.0_186\workspace\lpc_board_ea_devkit_4088\Debug\liblpc_board_ea_devkit_4088.a(board_sysinit.o) (Chip_SetupXtalClocking)
C:\Users\Trenton Rochelle\Documents\LPCXpresso_7.3.0_186\workspace\lpc_chip_40xx\Debug\liblpc_chip_40xx.a(timer_17xx_40xx.o)
                              ./src/statemachine.o (Chip_TIMER_Init)
C:\Users\Trenton Rochelle\Documents\LPCXpresso_7.3.0_186\workspace\lpc_chip_40xx\Debug\liblpc_chip_40xx.a(uart_17xx_40xx.o)
                              ./src/statemachine.o (Chip_UART_TXEnable)
c:/nxp/lpcxpresso_7.3.0_186/lpcxpresso/tools/bin/../lib/gcc/arm-none-eabi/4.8.4/../../../../arm-none-eabi/lib/armv7e-m/softfp\libcr_semihost.a(_cr__main.o)
                              ./src/cr_startup_lpc407x_8x.o (__main)
c:/nxp/lpcxpresso_7.3.0_186/lpcxpresso/tools/bin/../lib/gcc/arm-none-eabi/4.8.4/../../../../arm-none-eabi/lib/armv7e-m/softfp\libcr_c.a(memcpy.o)
                              C:\Users\Trenton Rochelle\Documents\LPCXpresso_7.3.0_186\workspace\lpc_board_ea_devkit_4088\Debug\liblpc_board_ea_devkit_4088.a(board.o) (memcpy)
[...]
Memory Configuration

Name             Origin             Length             Attributes
MFlash512        0x00000000         0x00080000         xr
RamLoc64         0x10000000         0x00010000         xrw
RamPeriph32      0x20000000         0x00008000         xrw
*default*        0x00000000         0xffffffff

Linker script and memory map

LOAD ./src/SmashPad.o
LOAD ./src/bsp.o
LOAD ./src/cr_startup_lpc407x_8x.o
LOAD ./src/crp.o
LOAD ./src/fonts.o
LOAD ./src/lcd.o
LOAD ./src/statemachine.o
LOAD ./src/sysinit.o
LOAD ./inc/qepn.o
LOAD ./inc/qfn.o
LOAD ./inc/qfn_init.o
LOAD C:\Users\Trenton Rochelle\Documents\LPCXpresso_7.3.0_186\workspace\lpc_board_ea_devkit_4088\Debug\liblpc_board_ea_devkit_4088.a
LOAD C:\Users\Trenton Rochelle\Documents\LPCXpresso_7.3.0_186\workspace\lpc_chip_40xx\Debug\liblpc_chip_40xx.a
START GROUP
LOAD c:/nxp/lpcxpresso_7.3.0_186/lpcxpresso/tools/bin/../lib/gcc/arm-none-eabi/4.8.4/../../../../arm-none-eabi/lib/armv7e-m/softfp\libcr_semihost.a
LOAD c:/nxp/lpcxpresso_7.3.0_186/lpcxpresso/tools/bin/../lib/gcc/arm-none-eabi/4.8.4/../../../../arm-none-eabi/lib/armv7e-m/softfp\libcr_c.a
LOAD c:/nxp/lpcxpresso_7.3.0_186/lpcxpresso/tools/bin/../lib/gcc/arm-none-eabi/4.8.4/armv7e-m/softfp\libcr_eabihelpers.a
END GROUP
                0x00080000                __top_MFlash512 = 0x80000
                0x10010000                __top_RamLoc64 = 0x10010000
                0x20008000                __top_RamPeriph32 = 0x20008000

.text           0x00000000     0x5d70
 FILL mask 0xff
                0x00000000                __vectors_start__ = ABSOLUTE (.)
 *(.isr_vector)
 .isr_vector    0x00000000       0xe4 ./src/cr_startup_lpc407x_8x.o
                0x00000000                g_pfnVectors
                0x000000e4                . = ALIGN (0x4)
                0x000000e4                __section_table_start = .
                0x000000e4                __data_section_table = .
                0x000000e4        0x4 LONG 0x5d70 LOADADDR (.data)
                0x000000e8        0x4 LONG 0x10000000 ADDR (.data)
                0x000000ec        0x4 LONG 0xc94 SIZEOF (.data)
                0x000000f0        0x4 LONG 0x5d70 LOADADDR (.data_RAM2)
                0x000000f4        0x4 LONG 0x20000000 ADDR (.data_RAM2)
                0x000000f8        0x4 LONG 0x0 SIZEOF (.data_RAM2)
                0x000000fc                __data_section_table_end = .
                0x000000fc                __bss_section_table = .
                0x000000fc        0x4 LONG 0x10000c94 ADDR (.bss)
                0x00000100        0x4 LONG 0x694 SIZEOF (.bss)
                0x00000104        0x4 LONG 0x20000000 ADDR (.bss_RAM2)
                0x00000108        0x4 LONG 0x0 SIZEOF (.bss_RAM2)
                0x0000010c                __bss_section_table_end = .
                0x0000010c                __section_table_end = .
 *(.after_vectors*)
 .after_vectors
                0x0000010c       0xc0 ./src/cr_startup_lpc407x_8x.o
                0x0000010c                NMI_Handler
                0x00000110                HardFault_Handler
                0x00000114                MemManage_Handler
                0x00000118                BusFault_Handler
                0x0000011c                UsageFault_Handler
                0x00000120                SVC_Handler
                0x00000124                DebugMon_Handler
                0x00000128                PendSV_Handler
                0x0000012c                SysTick_Handler
                0x00000130                PWM1_IRQHandler
                0x00000130                I2C1_IRQHandler
                0x00000130                EINT2_IRQHandler
                0x00000130                UART1_IRQHandler
                0x00000130                EINT3_IRQHandler
                0x00000130                CANActivity_IRQHandler
                0x00000130                UART3_IRQHandler
                0x00000130                USBActivity_IRQHandler
                0x00000130                IntDefaultHandler
                0x00000130                PLL0_IRQHandler
                0x00000130                SDIO_IRQHandler
                0x00000130                PLL1_IRQHandler
                0x00000130                SSP0_IRQHandler
                0x00000130                I2S_IRQHandler
                0x00000130                I2C2_IRQHandler
                0x00000130                RTC_IRQHandler
                0x00000130                SPI_IRQHandler
                0x00000130                LCD_IRQHandler
                0x00000130                I2C0_IRQHandler
                0x00000130                EINT1_IRQHandler
                0x00000130                UART2_IRQHandler
                0x00000130                UART4_IRQHandler
                0x00000130                ADC_IRQHandler
                0x00000130                SSP1_IRQHandler
                0x00000130                USB_IRQHandler
                0x00000130                BOD_IRQHandler
                0x00000130                RIT_IRQHandler
                0x00000130                WDT_IRQHandler
                0x00000130                CAN_IRQHandler
                0x00000130                QEI_IRQHandler
                0x00000130                EINT0_IRQHandler
                0x00000130                ETH_IRQHandler
                0x00000130                PWM0_IRQHandler
                0x00000130                SSP2_IRQHandler
                0x00000130                EEPROM_IRQHandler
                0x00000130                DMA_IRQHandler
                0x00000130                MCPWM_IRQHandler
                0x00000134                data_init
                0x00000150                bss_init
                0x00000164                ResetISR
                0x000002fc                . = 0x2fc
 *fill*         0x000001cc      0x130 ff
                0x000002fc                PROVIDE (__CRP_WORD_START__, .)
 *(.crp)
 .crp           0x000002fc        0x4 ./src/crp.o
                0x000002fc                CRP_WORD
                0x00000300                PROVIDE (__CRP_WORD_END__, .)
                0x00000001                ASSERT (! ((__CRP_WORD_START__ == __CRP_WORD_END__)), Linker CRP Enabled, but no CRP_WORD provided within application)
 *(.text*)
 .text.GPIO_IRQHandler
                0x00000300       0x80 ./src/SmashPad.o
                0x00000300                GPIO_IRQHandler
 .text.main     0x00000380       0xcc ./src/SmashPad.o
                0x00000380                main
 .text.QF_onStartup
                0x0000044c        0x4 ./src/bsp.o
                0x0000044c                QF_onStartup
 .text.QF_onIdle
                0x00000450      0x508 ./src/bsp.o
                0x00000450                QF_onIdle
 .text.Q_onAssert
                0x00000958        0x4 ./src/bsp.o
                0x00000958                Q_onAssert
 .text.LCD_Write_COM
                0x0000095c       0x2c ./src/lcd.o
                0x0000095c                LCD_Write_COM
 .text.LCD_Write_DATA16
                0x00000988       0x3c ./src/lcd.o
                0x00000988                LCD_Write_DATA16
 .text.LCD_Write_DATA
                0x000009c4       0x2c ./src/lcd.o
                0x000009c4                LCD_Write_DATA
 .text.setXY    0x000009f0       0x58 ./src/lcd.o
                0x000009f0                setXY
 .text.clrXY    0x00000a48       0x14 ./src/lcd.o
                0x00000a48                clrXY
 .text.setColor
                0x00000a5c       0x24 ./src/lcd.o
                0x00000a5c                setColor
 .text.setColorBg
                0x00000a80       0x24 ./src/lcd.o
                0x00000a80                setColorBg
 .text.fillRect
                0x00000aa4       0x5c ./src/lcd.o
                0x00000aa4                fillRect
 .text.clrScr   0x00000b00       0x1c ./src/lcd.o
                0x00000b00                clrScr
 .text.fillRectWH
                0x00000b1c       0x38 ./src/lcd.o
                0x00000b1c                fillRectWH
 .text.setFont  0x00000b54       0x1c ./src/lcd.o
                0x00000b54                setFont
 .text.initLCD  0x00000b70      0x174 ./src/lcd.o
                0x00000b70                initLCD
 .text.printChar
                0x00000ce4       0xdc ./src/lcd.o
                0x00000ce4                printChar
 .text.lcdPrint
                0x00000dc0       0x30 ./src/lcd.o
                0x00000dc0                lcdPrint
 .text.lcdPrint2
                0x00000df0       0x50 ./src/lcd.o
                0x00000df0                lcdPrint2
 .text.setCrazyColor
                0x00000e40       0x50 ./src/lcd.o
                0x00000e40                setCrazyColor
 .text.fillBackground
                0x00000e90       0x74 ./src/lcd.o
                0x00000e90                fillBackground
 .text.drawBackground
                0x00000f04       0x14 ./src/lcd.o
                0x00000f04                drawBackground
 .text.drawSmashPadText
                0x00000f18      0x128 ./src/lcd.o
                0x00000f18                drawSmashPadText
 .text.eraseSmashPadText
                0x00001040       0x1c ./src/lcd.o
                0x00001040                eraseSmashPadText
 .text.drawPadText
                0x0000105c       0x30 ./src/lcd.o
                0x0000105c                drawPadText
 .text.erasePadText
                0x0000108c       0x1c ./src/lcd.o
                0x0000108c                erasePadText
 .text.drawPadHighlight
                0x000010a8       0xe8 ./src/lcd.o
                0x000010a8                drawPadHighlight
 .text.erasePadHighlight
                0x00001190       0xe8 ./src/lcd.o
                0x00001190                erasePadHighlight
 .text.drawPadTL
                0x00001278       0x1c ./src/lcd.o
                0x00001278                drawPadTL
 .text.erasePadTL
                0x00001294       0x1c ./src/lcd.o
                0x00001294                erasePadTL
 .text.drawPadTR
                0x000012b0       0x1c ./src/lcd.o
                0x000012b0                drawPadTR
 .text.drawPadBL
                0x000012cc       0x1c ./src/lcd.o
                0x000012cc                drawPadBL
 .text.erasePadBL
                0x000012e8       0x1c ./src/lcd.o
                0x000012e8                erasePadBL
 .text.drawPadBR
                0x00001304       0x1c ./src/lcd.o
                0x00001304                drawPadBR
 .text.drawPadTL_unpressed
                0x00001320       0x48 ./src/lcd.o
                0x00001320                drawPadTL_unpressed
 .text.drawPadTR_unpressed
                0x00001368       0x48 ./src/lcd.o
                0x00001368                drawPadTR_unpressed
 .text.drawPadBL_unpressed
                0x000013b0       0x4c ./src/lcd.o
                0x000013b0                drawPadBL_unpressed
 .text.drawPadBR_unpressed
                0x000013fc       0x4c ./src/lcd.o
                0x000013fc                drawPadBR_unpressed
 .text.drawPadTL_pressed
                0x00001448       0x40 ./src/lcd.o
                0x00001448                drawPadTL_pressed
 .text.drawPadTR_pressed
                0x00001488       0x40 ./src/lcd.o
                0x00001488                drawPadTR_pressed
 .text.drawPadBL_pressed
                0x000014c8       0x44 ./src/lcd.o
                0x000014c8                drawPadBL_pressed
 .text.drawPadBR_pressed
                0x0000150c       0x44 ./src/lcd.o
                0x0000150c                drawPadBR_pressed
 .text.drawSoundSelectText
                0x00001550       0x34 ./src/lcd.o
                0x00001550                drawSoundSelectText
 .text.eraseSoundSelectText
                0x00001584       0x1c ./src/lcd.o
                0x00001584                eraseSoundSelectText
 .text.drawSounds
                0x000015a0       0xd4 ./src/lcd.o
                0x000015a0                drawSounds
 .text.eraseSounds
                0x00001674       0x30 ./src/lcd.o
                0x00001674                eraseSounds
 .text.SM_state_init
                0x000016a4       0x14 ./src/statemachine.o
                0x000016a4                SM_state_init
 .text.SM_state_on
                0x000016b8       0x20 ./src/statemachine.o
                0x000016b8                SM_state_on
 .text.SM_state_main
                0x000016d8      0x108 ./src/statemachine.o
                0x000016d8                SM_state_main
 .text.SM_state_padSelect
                0x000017e0      0x13c ./src/statemachine.o
                0x000017e0                SM_state_padSelect
 .text.SM_state_soundSelect
                0x0000191c      0x154 ./src/statemachine.o
                0x0000191c                SM_state_soundSelect
 .text.UART0_IRQHandler
                0x00001a70       0x1c ./src/statemachine.o
                0x00001a70                UART0_IRQHandler
 .text.SM_run   0x00001a8c        0x8 ./src/statemachine.o
                0x00001a8c                SM_run
 .text.pressButton
                0x00001a94       0x10 ./src/statemachine.o
                0x00001a94                pressButton
 .text.pressDown
                0x00001aa4       0x10 ./src/statemachine.o
                0x00001aa4                pressDown
 .text.pressUp  0x00001ab4       0x10 ./src/statemachine.o
                0x00001ab4                pressUp
 .text.pressLeft
                0x00001ac4       0x10 ./src/statemachine.o
                0x00001ac4                pressLeft
 .text.pressRight
                0x00001ad4       0x10 ./src/statemachine.o
                0x00001ad4                pressRight
 .text.timer0   0x00001ae4       0x10 ./src/statemachine.o
                0x00001ae4                timer0
 .text.TIMER0_IRQHandler
                0x00001af4       0x1c ./src/statemachine.o
                0x00001af4                TIMER0_IRQHandler
 .text.timer1   0x00001b10       0x10 ./src/statemachine.o
                0x00001b10                timer1
 .text.TIMER1_IRQHandler
                0x00001b20       0x20 ./src/statemachine.o
                0x00001b20                TIMER1_IRQHandler
 .text.timer2   0x00001b40       0x10 ./src/statemachine.o
                0x00001b40                timer2
 .text.TIMER2_IRQHandler
                0x00001b50       0x20 ./src/statemachine.o
                0x00001b50                TIMER2_IRQHandler
 .text.timer3   0x00001b70       0x10 ./src/statemachine.o
                0x00001b70                timer3
 .text.TIMER3_IRQHandler
                0x00001b80       0x20 ./src/statemachine.o
                0x00001b80                TIMER3_IRQHandler
 .text.SMASHRED
                0x00001ba0       0x28 ./src/statemachine.o
                0x00001ba0                SMASHRED
 .text.SMASHGREEN
                0x00001bc8       0x28 ./src/statemachine.o
                0x00001bc8                SMASHGREEN
 .text.SMASHYELLOW
                0x00001bf0       0x28 ./src/statemachine.o
                0x00001bf0                SMASHYELLOW
 .text.SMASHBLUE
                0x00001c18       0x28 ./src/statemachine.o
                0x00001c18                SMASHBLUE
 .text.SMASH    0x00001c40       0x2c ./src/statemachine.o
                0x00001c40                SMASH
 .text.SM_ctor  0x00001c6c      0x184 ./src/statemachine.o
                0x00001c6c                SM_ctor
 .text.SM_init  0x00001df0        0x8 ./src/statemachine.o
                0x00001df0                SM_init
 .text.SystemInit
                0x00001df8       0x1c ./src/sysinit.o
                0x00001df8                SystemInit
 .text.QHsm_top
                0x00001e14        0x4 ./inc/qepn.o
                0x00001e14                QHsm_top
 .text.QHsm_init
                0x00001e18       0xa0 ./inc/qepn.o
                0x00001e18                QHsm_init
 .text.QHsm_dispatch
                0x00001eb8      0x230 ./inc/qepn.o
                0x00001eb8                QHsm_dispatch
 .text.QActive_post
                0x000020e8       0x7c ./inc/qfn.o
                0x000020e8                QActive_post
 .text.QF_run   0x00002164       0xd4 ./inc/qfn.o
                0x00002164                QF_run
 .text.Board_LED_Init
                0x00002238       0x30 C:\Users\Trenton Rochelle\Documents\LPCXpresso_7.3.0_186\workspace\lpc_board_ea_devkit_4088\Debug\liblpc_board_ea_devkit_4088.a(board.o)
 .text.writeLCDReg
                0x00002268       0x6c C:\Users\Trenton Rochelle\Documents\LPCXpresso_7.3.0_186\workspace\lpc_board_ea_devkit_4088\Debug\liblpc_board_ea_devkit_4088.a(board.o)
 .text.initSSD1289
                0x000022d4      0x178 C:\Users\Trenton Rochelle\Documents\LPCXpresso_7.3.0_186\workspace\lpc_board_ea_devkit_4088\Debug\liblpc_board_ea_devkit_4088.a(board.o)
 .text.Board_UART_Init
                0x0000244c       0x30 C:\Users\Trenton Rochelle\Documents\LPCXpresso_7.3.0_186\workspace\lpc_board_ea_devkit_4088\Debug\liblpc_board_ea_devkit_4088.a(board.o)
                0x0000244c                Board_UART_Init
 .text.Board_LED_Set
                0x0000247c       0x48 C:\Users\Trenton Rochelle\Documents\LPCXpresso_7.3.0_186\workspace\lpc_board_ea_devkit_4088\Debug\liblpc_board_ea_devkit_4088.a(board.o)
                0x0000247c                Board_LED_Set
 .text.Board_SSP_Init
                0x000024c4       0x3c C:\Users\Trenton Rochelle\Documents\LPCXpresso_7.3.0_186\workspace\lpc_board_ea_devkit_4088\Debug\liblpc_board_ea_devkit_4088.a(board.o)
                0x000024c4                Board_SSP_Init
 .text.Board_Init
                0x00002500       0x14 C:\Users\Trenton Rochelle\Documents\LPCXpresso_7.3.0_186\workspace\lpc_board_ea_devkit_4088\Debug\liblpc_board_ea_devkit_4088.a(board.o)
                0x00002500                Board_Init
 .text.Board_InitLCDController
                0x00002514       0x84 C:\Users\Trenton Rochelle\Documents\LPCXpresso_7.3.0_186\workspace\lpc_board_ea_devkit_4088\Debug\liblpc_board_ea_devkit_4088.a(board.o)
                0x00002514                Board_InitLCDController
 .text.Board_SetupMuxing
                0x00002598       0x64 C:\Users\Trenton Rochelle\Documents\LPCXpresso_7.3.0_186\workspace\lpc_board_ea_devkit_4088\Debug\liblpc_board_ea_devkit_4088.a(board_sysinit.o)
                0x00002598                Board_SetupMuxing
 .text.Board_SetupClocking
                0x000025fc       0x20 C:\Users\Trenton Rochelle\Documents\LPCXpresso_7.3.0_186\workspace\lpc_board_ea_devkit_4088\Debug\liblpc_board_ea_devkit_4088.a(board_sysinit.o)
                0x000025fc                Board_SetupClocking
 .text.Board_SetupExtMemory
                0x0000261c       0x50 C:\Users\Trenton Rochelle\Documents\LPCXpresso_7.3.0_186\workspace\lpc_board_ea_devkit_4088\Debug\liblpc_board_ea_devkit_4088.a(board_sysinit.o)
                0x0000261c                Board_SetupExtMemory
 .text.Board_SystemInit
                0x0000266c       0x10 C:\Users\Trenton Rochelle\Documents\LPCXpresso_7.3.0_186\workspace\lpc_board_ea_devkit_4088\Debug\liblpc_board_ea_devkit_4088.a(board_sysinit.o)
                0x0000266c                Board_SystemInit
 .text.getClkDiv
                0x0000267c       0x1c C:\Users\Trenton Rochelle\Documents\LPCXpresso_7.3.0_186\workspace\lpc_chip_40xx\Debug\liblpc_chip_40xx.a(adc_17xx_40xx.o)
 .text.setStartMode
                0x00002698       0x10 C:\Users\Trenton Rochelle\Documents\LPCXpresso_7.3.0_186\workspace\lpc_chip_40xx\Debug\liblpc_chip_40xx.a(adc_17xx_40xx.o)
                0x00002698                setStartMode
 .text.readAdcVal
                0x000026a8       0x18 C:\Users\Trenton Rochelle\Documents\LPCXpresso_7.3.0_186\workspace\lpc_chip_40xx\Debug\liblpc_chip_40xx.a(adc_17xx_40xx.o)
                0x000026a8                readAdcVal
 .text.Chip_ADC_Init
                0x000026c0       0x34 C:\Users\Trenton Rochelle\Documents\LPCXpresso_7.3.0_186\workspace\lpc_chip_40xx\Debug\liblpc_chip_40xx.a(adc_17xx_40xx.o)
                0x000026c0                Chip_ADC_Init
 .text.Chip_ADC_ReadValue
                0x000026f4        0x8 C:\Users\Trenton Rochelle\Documents\LPCXpresso_7.3.0_186\workspace\lpc_chip_40xx\Debug\liblpc_chip_40xx.a(adc_17xx_40xx.o)
                0x000026f4                Chip_ADC_ReadValue
 .text.Chip_ADC_ReadStatus
                0x000026fc       0x38 C:\Users\Trenton Rochelle\Documents\LPCXpresso_7.3.0_186\workspace\lpc_chip_40xx\Debug\liblpc_chip_40xx.a(adc_17xx_40xx.o)
                0x000026fc                Chip_ADC_ReadStatus
 .text.Chip_ADC_SetStartMode
                0x00002734       0x20 C:\Users\Trenton Rochelle\Documents\LPCXpresso_7.3.0_186\workspace\lpc_chip_40xx\Debug\liblpc_chip_40xx.a(adc_17xx_40xx.o)
                0x00002734                Chip_ADC_SetStartMode
 .text.Chip_ADC_EnableChannel
                0x00002754       0x28 C:\Users\Trenton Rochelle\Documents\LPCXpresso_7.3.0_186\workspace\lpc_chip_40xx\Debug\liblpc_chip_40xx.a(adc_17xx_40xx.o)
                0x00002754                Chip_ADC_EnableChannel
 .text.SystemCoreClockUpdate
                0x0000277c       0x10 C:\Users\Trenton Rochelle\Documents\LPCXpresso_7.3.0_186\workspace\lpc_chip_40xx\Debug\liblpc_chip_40xx.a(chip_17xx_40xx.o)
                0x0000277c                SystemCoreClockUpdate
 .text.Chip_Clock_EnablePLL
                0x0000278c       0x28 C:\Users\Trenton Rochelle\Documents\LPCXpresso_7.3.0_186\workspace\lpc_chip_40xx\Debug\liblpc_chip_40xx.a(clock_17xx_40xx.o)
                0x0000278c                Chip_Clock_EnablePLL
 .text.Chip_Clock_DisablePLL
                0x000027b4       0x2c C:\Users\Trenton Rochelle\Documents\LPCXpresso_7.3.0_186\workspace\lpc_chip_40xx\Debug\liblpc_chip_40xx.a(clock_17xx_40xx.o)
                0x000027b4                Chip_Clock_DisablePLL
 .text.Chip_Clock_SetupPLL
                0x000027e0       0x2c C:\Users\Trenton Rochelle\Documents\LPCXpresso_7.3.0_186\workspace\lpc_chip_40xx\Debug\liblpc_chip_40xx.a(clock_17xx_40xx.o)
                0x000027e0                Chip_Clock_SetupPLL
 .text.Chip_Clock_EnablePeriphClock
                0x0000280c       0x34 C:\Users\Trenton Rochelle\Documents\LPCXpresso_7.3.0_186\workspace\lpc_chip_40xx\Debug\liblpc_chip_40xx.a(clock_17xx_40xx.o)
                0x0000280c                Chip_Clock_EnablePeriphClock
 .text.Chip_Clock_DisablePeriphClock
                0x00002840       0x38 C:\Users\Trenton Rochelle\Documents\LPCXpresso_7.3.0_186\workspace\lpc_chip_40xx\Debug\liblpc_chip_40xx.a(clock_17xx_40xx.o)
                0x00002840                Chip_Clock_DisablePeriphClock
 .text.Chip_Clock_SetCPUClockSource
                0x00002878       0x28 C:\Users\Trenton Rochelle\Documents\LPCXpresso_7.3.0_186\workspace\lpc_chip_40xx\Debug\liblpc_chip_40xx.a(clock_17xx_40xx.o)
                0x00002878                Chip_Clock_SetCPUClockSource
 .text.Chip_Clock_GetCPUClockSource
                0x000028a0       0x18 C:\Users\Trenton Rochelle\Documents\LPCXpresso_7.3.0_186\workspace\lpc_chip_40xx\Debug\liblpc_chip_40xx.a(clock_17xx_40xx.o)
                0x000028a0                Chip_Clock_GetCPUClockSource
 .text.Chip_Clock_SetCPUClockDiv
                0x000028b8       0x18 C:\Users\Trenton Rochelle\Documents\LPCXpresso_7.3.0_186\workspace\lpc_chip_40xx\Debug\liblpc_chip_40xx.a(clock_17xx_40xx.o)
                0x000028b8                Chip_Clock_SetCPUClockDiv
 .text.Chip_Clock_GetCPUClockDiv
                0x000028d0       0x10 C:\Users\Trenton Rochelle\Documents\LPCXpresso_7.3.0_186\workspace\lpc_chip_40xx\Debug\liblpc_chip_40xx.a(clock_17xx_40xx.o)
                0x000028d0                Chip_Clock_GetCPUClockDiv
 .text.Chip_Clock_GetSYSCLKRate
                0x000028e0       0x2c C:\Users\Trenton Rochelle\Documents\LPCXpresso_7.3.0_186\workspace\lpc_chip_40xx\Debug\liblpc_chip_40xx.a(clock_17xx_40xx.o)
                0x000028e0                Chip_Clock_GetSYSCLKRate
 .text.Chip_Clock_GetMainPLLOutClockRate
                0x0000290c       0x2c C:\Users\Trenton Rochelle\Documents\LPCXpresso_7.3.0_186\workspace\lpc_chip_40xx\Debug\liblpc_chip_40xx.a(clock_17xx_40xx.o)
                0x0000290c                Chip_Clock_GetMainPLLOutClockRate
 .text.Chip_Clock_GetMainClockRate
                0x00002938       0x1c C:\Users\Trenton Rochelle\Documents\LPCXpresso_7.3.0_186\workspace\lpc_chip_40xx\Debug\liblpc_chip_40xx.a(clock_17xx_40xx.o)
                0x00002938                Chip_Clock_GetMainClockRate
 .text.Chip_Clock_GetSystemClockRate
                0x00002954       0x14 C:\Users\Trenton Rochelle\Documents\LPCXpresso_7.3.0_186\workspace\lpc_chip_40xx\Debug\liblpc_chip_40xx.a(clock_17xx_40xx.o)
                0x00002954                Chip_Clock_GetSystemClockRate
 .text.Chip_Clock_SetSPIFIClockSource
                0x00002968       0x18 C:\Users\Trenton Rochelle\Documents\LPCXpresso_7.3.0_186\workspace\lpc_chip_40xx\Debug\liblpc_chip_40xx.a(clock_17xx_40xx.o)
                0x00002968                Chip_Clock_SetSPIFIClockSource
 .text.Chip_Clock_SetSPIFIClockDiv
                0x00002980       0x18 C:\Users\Trenton Rochelle\Documents\LPCXpresso_7.3.0_186\workspace\lpc_chip_40xx\Debug\liblpc_chip_40xx.a(clock_17xx_40xx.o)
                0x00002980                Chip_Clock_SetSPIFIClockDiv
 .text.Chip_Clock_GetPeripheralClockRate
                0x00002998       0x20 C:\Users\Trenton Rochelle\Documents\LPCXpresso_7.3.0_186\workspace\lpc_chip_40xx\Debug\liblpc_chip_40xx.a(clock_17xx_40xx.o)
                0x00002998                Chip_Clock_GetPeripheralClockRate
 .text.convertTimmingParam
                0x000029b8       0x3c C:\Users\Trenton Rochelle\Documents\LPCXpresso_7.3.0_186\workspace\lpc_chip_40xx\Debug\liblpc_chip_40xx.a(emc_17xx_40xx.o)
 .text.getColsLen
                0x000029f4       0x28 C:\Users\Trenton Rochelle\Documents\LPCXpresso_7.3.0_186\workspace\lpc_chip_40xx\Debug\liblpc_chip_40xx.a(emc_17xx_40xx.o)
 .text.initDynMem
                0x00002a1c      0x178 C:\Users\Trenton Rochelle\Documents\LPCXpresso_7.3.0_186\workspace\lpc_chip_40xx\Debug\liblpc_chip_40xx.a(emc_17xx_40xx.o)
                0x00002a1c                initDynMem
 .text.initStaticMem
                0x00002b94       0x68 C:\Users\Trenton Rochelle\Documents\LPCXpresso_7.3.0_186\workspace\lpc_chip_40xx\Debug\liblpc_chip_40xx.a(emc_17xx_40xx.o)
                0x00002b94                initStaticMem
 .text.Chip_EMC_Dynamic_Init
                0x00002bfc       0x28 C:\Users\Trenton Rochelle\Documents\LPCXpresso_7.3.0_186\workspace\lpc_chip_40xx\Debug\liblpc_chip_40xx.a(emc_17xx_40xx.o)
                0x00002bfc                Chip_EMC_Dynamic_Init
 .text.Chip_EMC_Static_Init
                0x00002c24       0x28 C:\Users\Trenton Rochelle\Documents\LPCXpresso_7.3.0_186\workspace\lpc_chip_40xx\Debug\liblpc_chip_40xx.a(emc_17xx_40xx.o)
                0x00002c24                Chip_EMC_Static_Init
 .text.Chip_EMC_Init
                0x00002c4c       0x24 C:\Users\Trenton Rochelle\Documents\LPCXpresso_7.3.0_186\workspace\lpc_chip_40xx\Debug\liblpc_chip_40xx.a(emc_17xx_40xx.o)
                0x00002c4c                Chip_EMC_Init
 .text.fpuInit  0x00002c70       0x58 C:\Users\Trenton Rochelle\Documents\LPCXpresso_7.3.0_186\workspace\lpc_chip_40xx\Debug\liblpc_chip_40xx.a(fpu_init.o)
                0x00002c70                fpuInit
 .text.Chip_IOCON_SetPinMuxing
                0x00002cc8       0x2c C:\Users\Trenton Rochelle\Documents\LPCXpresso_7.3.0_186\workspace\lpc_chip_40xx\Debug\liblpc_chip_40xx.a(iocon_17xx_40xx.o)
                0x00002cc8                Chip_IOCON_SetPinMuxing
 .text.RingBuffer_Init
                0x00002cf4       0x10 C:\Users\Trenton Rochelle\Documents\LPCXpresso_7.3.0_186\workspace\lpc_chip_40xx\Debug\liblpc_chip_40xx.a(ring_buffer.o)
                0x00002cf4                RingBuffer_Init
 .text.RingBuffer_Insert
                0x00002d04       0x34 C:\Users\Trenton Rochelle\Documents\LPCXpresso_7.3.0_186\workspace\lpc_chip_40xx\Debug\liblpc_chip_40xx.a(ring_buffer.o)
                0x00002d04                RingBuffer_Insert
 .text.RingBuffer_InsertMult
                0x00002d38       0x7c C:\Users\Trenton Rochelle\Documents\LPCXpresso_7.3.0_186\workspace\lpc_chip_40xx\Debug\liblpc_chip_40xx.a(ring_buffer.o)
                0x00002d38                RingBuffer_InsertMult
 .text.RingBuffer_Pop
                0x00002db4       0x30 C:\Users\Trenton Rochelle\Documents\LPCXpresso_7.3.0_186\workspace\lpc_chip_40xx\Debug\liblpc_chip_40xx.a(ring_buffer.o)
                0x00002db4                RingBuffer_Pop
 .text.Chip_SSP_GetClockIndex
                0x00002de4       0x20 C:\Users\Trenton Rochelle\Documents\LPCXpresso_7.3.0_186\workspace\lpc_chip_40xx\Debug\liblpc_chip_40xx.a(ssp_17xx_40xx.o)
 .text.Chip_SSP_SetClockRate
                0x00002e04       0x14 C:\Users\Trenton Rochelle\Documents\LPCXpresso_7.3.0_186\workspace\lpc_chip_40xx\Debug\liblpc_chip_40xx.a(ssp_17xx_40xx.o)
                0x00002e04                Chip_SSP_SetClockRate
 .text.Chip_SSP_WriteFrames_Blocking
                0x00002e18       0x40 C:\Users\Trenton Rochelle\Documents\LPCXpresso_7.3.0_186\workspace\lpc_chip_40xx\Debug\liblpc_chip_40xx.a(ssp_17xx_40xx.o)
                0x00002e18                Chip_SSP_WriteFrames_Blocking
 .text.Chip_SSP_SetMaster
                0x00002e58       0x18 C:\Users\Trenton Rochelle\Documents\LPCXpresso_7.3.0_186\workspace\lpc_chip_40xx\Debug\liblpc_chip_40xx.a(ssp_17xx_40xx.o)
                0x00002e58                Chip_SSP_SetMaster
 .text.Chip_SSP_SetBitRate
                0x00002e70       0x40 C:\Users\Trenton Rochelle\Documents\LPCXpresso_7.3.0_186\workspace\lpc_chip_40xx\Debug\liblpc_chip_40xx.a(ssp_17xx_40xx.o)
                0x00002e70                Chip_SSP_SetBitRate
 .text.Chip_SSP_Init
                0x00002eb0       0x30 C:\Users\Trenton Rochelle\Documents\LPCXpresso_7.3.0_186\workspace\lpc_chip_40xx\Debug\liblpc_chip_40xx.a(ssp_17xx_40xx.o)
                0x00002eb0                Chip_SSP_Init
 .text.Chip_SSP_DeInit
                0x00002ee0       0x14 C:\Users\Trenton Rochelle\Documents\LPCXpresso_7.3.0_186\workspace\lpc_chip_40xx\Debug\liblpc_chip_40xx.a(ssp_17xx_40xx.o)
                0x00002ee0                Chip_SSP_DeInit
 .text.Chip_SYSCTL_PeriphReset
                0x00002ef4       0x20 C:\Users\Trenton Rochelle\Documents\LPCXpresso_7.3.0_186\workspace\lpc_chip_40xx\Debug\liblpc_chip_40xx.a(sysctl_17xx_40xx.o)
                0x00002ef4                Chip_SYSCTL_PeriphReset
 .text.Chip_SetupXtalClocking
                0x00002f14       0x84 C:\Users\Trenton Rochelle\Documents\LPCXpresso_7.3.0_186\workspace\lpc_chip_40xx\Debug\liblpc_chip_40xx.a(sysinit_17xx_40xx.o)
                0x00002f14                Chip_SetupXtalClocking
 .text.Chip_Timer_GetClockIndex
                0x00002f98       0x2c C:\Users\Trenton Rochelle\Documents\LPCXpresso_7.3.0_186\workspace\lpc_chip_40xx\Debug\liblpc_chip_40xx.a(timer_17xx_40xx.o)
 .text.Chip_TIMER_Init
                0x00002fc4        0xc C:\Users\Trenton Rochelle\Documents\LPCXpresso_7.3.0_186\workspace\lpc_chip_40xx\Debug\liblpc_chip_40xx.a(timer_17xx_40xx.o)
                0x00002fc4                Chip_TIMER_Init
 .text.Chip_TIMER_Reset
                0x00002fd0       0x18 C:\Users\Trenton Rochelle\Documents\LPCXpresso_7.3.0_186\workspace\lpc_chip_40xx\Debug\liblpc_chip_40xx.a(timer_17xx_40xx.o)
                0x00002fd0                Chip_TIMER_Reset
 .text.Chip_UART_ABIntHandler
                0x00002fe8       0x48 C:\Users\Trenton Rochelle\Documents\LPCXpresso_7.3.0_186\workspace\lpc_chip_40xx\Debug\liblpc_chip_40xx.a(uart_17xx_40xx.o)
 .text.Chip_UART_TXEnable
                0x00003030       0x18 C:\Users\Trenton Rochelle\Documents\LPCXpresso_7.3.0_186\workspace\lpc_chip_40xx\Debug\liblpc_chip_40xx.a(uart_17xx_40xx.o)
                0x00003030                Chip_UART_TXEnable
 .text.Chip_UART_SetBaud
                0x00003048       0x30 C:\Users\Trenton Rochelle\Documents\LPCXpresso_7.3.0_186\workspace\lpc_chip_40xx\Debug\liblpc_chip_40xx.a(uart_17xx_40xx.o)
                0x00003048                Chip_UART_SetBaud
 .text.Chip_UART_RXIntHandlerRB
                0x00003078       0x28 C:\Users\Trenton Rochelle\Documents\LPCXpresso_7.3.0_186\workspace\lpc_chip_40xx\Debug\liblpc_chip_40xx.a(uart_17xx_40xx.o)
                0x00003078                Chip_UART_RXIntHandlerRB
 .text.Chip_UART_TXIntHandlerRB
                0x000030a0       0x2c C:\Users\Trenton Rochelle\Documents\LPCXpresso_7.3.0_186\workspace\lpc_chip_40xx\Debug\liblpc_chip_40xx.a(uart_17xx_40xx.o)
                0x000030a0                Chip_UART_TXIntHandlerRB
 .text.Chip_UART_SendRB
                0x000030cc       0x44 C:\Users\Trenton Rochelle\Documents\LPCXpresso_7.3.0_186\workspace\lpc_chip_40xx\Debug\liblpc_chip_40xx.a(uart_17xx_40xx.o)
                0x000030cc                Chip_UART_SendRB
 .text.Chip_UART_IRQRBHandler
                0x00003110       0x38 C:\Users\Trenton Rochelle\Documents\LPCXpresso_7.3.0_186\workspace\lpc_chip_40xx\Debug\liblpc_chip_40xx.a(uart_17xx_40xx.o)
                0x00003110                Chip_UART_IRQRBHandler
 .text.__main   0x00003148       0x14 c:/nxp/lpcxpresso_7.3.0_186/lpcxpresso/tools/bin/../lib/gcc/arm-none-eabi/4.8.4/../../../../arm-none-eabi/lib/armv7e-m/softfp\libcr_semihost.a(_cr__main.o)
                0x00003148                __CR_SEMIHOST
                0x00003148                __main
 .text.memcpy   0x0000315c        0x4 c:/nxp/lpcxpresso_7.3.0_186/lpcxpresso/tools/bin/../lib/gcc/arm-none-eabi/4.8.4/../../../../arm-none-eabi/lib/armv7e-m/softfp\libcr_c.a(memcpy.o)
                0x0000315c                memcpy
 .text.fp_round
                0x00003160       0x50 c:/nxp/lpcxpresso_7.3.0_186/lpcxpresso/tools/bin/../lib/gcc/arm-none-eabi/4.8.4/../../../../arm-none-eabi/lib/armv7e-m/softfp\libcr_c.a(fpprintf.o)
 .text.pr_dec.constprop.1
                0x000031b0       0x26 c:/nxp/lpcxpresso_7.3.0_186/lpcxpresso/tools/bin/../lib/gcc/arm-none-eabi/4.8.4/../../../../arm-none-eabi/lib/armv7e-m/softfp\libcr_c.a(fpprintf.o)
 *fill*         0x000031d6        0x2 
 .text.sprintf  0x000031d8       0x6c c:/nxp/lpcxpresso_7.3.0_186/lpcxpresso/tools/bin/../lib/gcc/arm-none-eabi/4.8.4/../../../../arm-none-eabi/lib/armv7e-m/softfp\libcr_c.a(fpprintf.o)
                0x000031d8                sprintf
 *fill*         0x00003244        0x4 
 .text.fp_display
                0x00003248      0x988 c:/nxp/lpcxpresso_7.3.0_186/lpcxpresso/tools/bin/../lib/gcc/arm-none-eabi/4.8.4/../../../../arm-none-eabi/lib/armv7e-m/softfp\libcr_c.a(fpprintf.o)
 .text.vsnprintf
                0x00003bd0       0x5c c:/nxp/lpcxpresso_7.3.0_186/lpcxpresso/tools/bin/../lib/gcc/arm-none-eabi/4.8.4/../../../../arm-none-eabi/lib/armv7e-m/softfp\libcr_c.a(fpprintf.o)
                0x00003bd0                vsnprintf
 .text.printf   0x00003c2c       0x54 c:/nxp/lpcxpresso_7.3.0_186/lpcxpresso/tools/bin/../lib/gcc/arm-none-eabi/4.8.4/../../../../arm-none-eabi/lib/armv7e-m/softfp\libcr_c.a(fpprintf.o)
                0x00003c2c                printf
 .text._initio  0x00003c80       0xa4 c:/nxp/lpcxpresso_7.3.0_186/lpcxpresso/tools/bin/../lib/gcc/arm-none-eabi/4.8.4/../../../../arm-none-eabi/lib/armv7e-m/softfp\libcr_c.a(initio.o)
                0x00003c80                _initio
 .text.__vfprintf
                0x00003d24      0xca0 c:/nxp/lpcxpresso_7.3.0_186/lpcxpresso/tools/bin/../lib/gcc/arm-none-eabi/4.8.4/../../../../arm-none-eabi/lib/armv7e-m/softfp\libcr_c.a(printf.o)
                0x00003d24                __vfprintf
 .text.setvbuf  0x000049c4       0x40 c:/nxp/lpcxpresso_7.3.0_186/lpcxpresso/tools/bin/../lib/gcc/arm-none-eabi/4.8.4/../../../../arm-none-eabi/lib/armv7e-m/softfp\libcr_c.a(setvbuf.o)
                0x000049c4                setvbuf
 .text.strcpy   0x00004a04       0x40 c:/nxp/lpcxpresso_7.3.0_186/lpcxpresso/tools/bin/../lib/gcc/arm-none-eabi/4.8.4/../../../../arm-none-eabi/lib/armv7e-m/softfp\libcr_c.a(strcpy.o)
                0x00004a04                strcpy
 .text.strlen   0x00004a44       0x4a c:/nxp/lpcxpresso_7.3.0_186/lpcxpresso/tools/bin/../lib/gcc/arm-none-eabi/4.8.4/../../../../arm-none-eabi/lib/armv7e-m/softfp\libcr_c.a(strlen.o)
                0x00004a44                strlen
 .text.memset   0x00004a8e        0x4 c:/nxp/lpcxpresso_7.3.0_186/lpcxpresso/tools/bin/../lib/gcc/arm-none-eabi/4.8.4/../../../../arm-none-eabi/lib/armv7e-m/softfp\libcr_c.a(memset.o)
                0x00004a8e                memset
 .text._deferredlazyseek
                0x00004a92       0x44 c:/nxp/lpcxpresso_7.3.0_186/lpcxpresso/tools/bin/../lib/gcc/arm-none-eabi/4.8.4/../../../../arm-none-eabi/lib/armv7e-m/softfp\libcr_c.a(_deferredlazyseek.o)
                0x00004a92                _deferredlazyseek
 .text.__flsbuf
                0x00004ad6      0x142 c:/nxp/lpcxpresso_7.3.0_186/lpcxpresso/tools/bin/../lib/gcc/arm-none-eabi/4.8.4/../../../../arm-none-eabi/lib/armv7e-m/softfp\libcr_c.a(_deferredlazyseek.o)
                0x00004ad6                __flsbuf
 .text._fdopen  0x00004c18       0x6a c:/nxp/lpcxpresso_7.3.0_186/lpcxpresso/tools/bin/../lib/gcc/arm-none-eabi/4.8.4/../../../../arm-none-eabi/lib/armv7e-m/softfp\libcr_c.a(_fdopen.o)
                0x00004c18                _fdopen
 .text._fflush  0x00004c82       0x58 c:/nxp/lpcxpresso_7.3.0_186/lpcxpresso/tools/bin/../lib/gcc/arm-none-eabi/4.8.4/../../../../arm-none-eabi/lib/armv7e-m/softfp\libcr_c.a(_fflush.o)
                0x00004c82                _fflush
 .text._frexpl  0x00004cda       0x5c c:/nxp/lpcxpresso_7.3.0_186/lpcxpresso/tools/bin/../lib/gcc/arm-none-eabi/4.8.4/../../../../arm-none-eabi/lib/armv7e-m/softfp\libcr_c.a(_frexpl.o)
                0x00004cda                _frexpl
 *fill*         0x00004d36        0x2 
 .text._ldexpl  0x00004d38       0x4c c:/nxp/lpcxpresso_7.3.0_186/lpcxpresso/tools/bin/../lib/gcc/arm-none-eabi/4.8.4/../../../../arm-none-eabi/lib/armv7e-m/softfp\libcr_c.a(_ldexpl.o)
                0x00004d38                _ldexpl
 .text._Cwritebuf
                0x00004d84       0x70 c:/nxp/lpcxpresso_7.3.0_186/lpcxpresso/tools/bin/../lib/gcc/arm-none-eabi/4.8.4/../../../../arm-none-eabi/lib/armv7e-m/softfp\libcr_c.a(_writebuf.o)
                0x00004d84                _Cwritebuf
 .text.malloc   0x00004df4       0xc4 c:/nxp/lpcxpresso_7.3.0_186/lpcxpresso/tools/bin/../lib/gcc/arm-none-eabi/4.8.4/../../../../arm-none-eabi/lib/armv7e-m/softfp\libcr_c.a(alloc.o)
                0x00004df4                malloc
 .text.free     0x00004eb8        0xc c:/nxp/lpcxpresso_7.3.0_186/lpcxpresso/tools/bin/../lib/gcc/arm-none-eabi/4.8.4/../../../../arm-none-eabi/lib/armv7e-m/softfp\libcr_c.a(alloc.o)
                0x00004eb8                free
 .text._Csys_alloc
                0x00004ec4       0x20 c:/nxp/lpcxpresso_7.3.0_186/lpcxpresso/tools/bin/../lib/gcc/arm-none-eabi/4.8.4/../../../../arm-none-eabi/lib/armv7e-m/softfp\libcr_c.a(alloc.o)
                0x00004ec4                _Csys_alloc
 .text.fclose   0x00004ee4       0x6c c:/nxp/lpcxpresso_7.3.0_186/lpcxpresso/tools/bin/../lib/gcc/arm-none-eabi/4.8.4/../../../../arm-none-eabi/lib/armv7e-m/softfp\libcr_c.a(fclose.o)
                0x00004ee4                fclose
 .text.fflush   0x00004f50       0x30 c:/nxp/lpcxpresso_7.3.0_186/lpcxpresso/tools/bin/../lib/gcc/arm-none-eabi/4.8.4/../../../../arm-none-eabi/lib/armv7e-m/softfp\libcr_c.a(fflush.o)
                0x00004f50                fflush
 .text.fseek    0x00004f80      0x10c c:/nxp/lpcxpresso_7.3.0_186/lpcxpresso/tools/bin/../lib/gcc/arm-none-eabi/4.8.4/../../../../arm-none-eabi/lib/armv7e-m/softfp\libcr_c.a(fseek.o)
                0x00004f80                fseek
 .text.ftell    0x0000508c       0x4c c:/nxp/lpcxpresso_7.3.0_186/lpcxpresso/tools/bin/../lib/gcc/arm-none-eabi/4.8.4/../../../../arm-none-eabi/lib/armv7e-m/softfp\libcr_c.a(ftell.o)
                0x0000508c                ftell
 .text.remove   0x000050d8       0x14 c:/nxp/lpcxpresso_7.3.0_186/lpcxpresso/tools/bin/../lib/gcc/arm-none-eabi/4.8.4/../../../../arm-none-eabi/lib/armv7e-m/softfp\libcr_c.a(remove.o)
                0x000050d8                remove
 .text._sbrk    0x000050ec       0x40 c:/nxp/lpcxpresso_7.3.0_186/lpcxpresso/tools/bin/../lib/gcc/arm-none-eabi/4.8.4/../../../../arm-none-eabi/lib/armv7e-m/softfp\libcr_c.a(_cr_sbrk.o)
                0x000050ec                _sbrk
 .text._do_fflush
                0x0000512c       0x44 c:/nxp/lpcxpresso_7.3.0_186/lpcxpresso/tools/bin/../lib/gcc/arm-none-eabi/4.8.4/../../../../arm-none-eabi/lib/armv7e-m/softfp\libcr_c.a(_do_fflush.o)
                0x0000512c                _do_fflush
 .text.__check_heap_overflow
                0x00005170       0x18 c:/nxp/lpcxpresso_7.3.0_186/lpcxpresso/tools/bin/../lib/gcc/arm-none-eabi/4.8.4/../../../../arm-none-eabi/lib/armv7e-m/softfp\libcr_c.a(_cr_check_heap.o)
                0x00005170                __check_heap_overflow
 .text.__aeabi_dmul
                0x00005188      0x110 c:/nxp/lpcxpresso_7.3.0_186/lpcxpresso/tools/bin/../lib/gcc/arm-none-eabi/4.8.4/armv7e-m/softfp\libcr_eabihelpers.a(double.o)
                0x00005188                __aeabi_dmul
 .text.__aeabi_ddiv
                0x00005298      0x138 c:/nxp/lpcxpresso_7.3.0_186/lpcxpresso/tools/bin/../lib/gcc/arm-none-eabi/4.8.4/armv7e-m/softfp\libcr_eabihelpers.a(double.o)
                0x00005298                __aeabi_ddiv
 .text.__aeabi_dsub
                0x000053d0      0x1fc c:/nxp/lpcxpresso_7.3.0_186/lpcxpresso/tools/bin/../lib/gcc/arm-none-eabi/4.8.4/armv7e-m/softfp\libcr_eabihelpers.a(double.o)
                0x000053d0                __aeabi_dsub
 .text.__aeabi_dadd
                0x000055cc      0x144 c:/nxp/lpcxpresso_7.3.0_186/lpcxpresso/tools/bin/../lib/gcc/arm-none-eabi/4.8.4/armv7e-m/softfp\libcr_eabihelpers.a(double.o)
                0x000055cc                __aeabi_dadd
 .text.__aeabi_d2iz
                0x00005710       0x42 c:/nxp/lpcxpresso_7.3.0_186/lpcxpresso/tools/bin/../lib/gcc/arm-none-eabi/4.8.4/armv7e-m/softfp\libcr_eabihelpers.a(double.o)
                0x00005710                __aeabi_d2iz
 .text.__bhs_ui2d
                0x00005752       0x46 c:/nxp/lpcxpresso_7.3.0_186/lpcxpresso/tools/bin/../lib/gcc/arm-none-eabi/4.8.4/armv7e-m/softfp\libcr_eabihelpers.a(double.o)
                0x00005752                __bhs_ui2d
 .text.__aeabi_i2d
                0x00005798       0x10 c:/nxp/lpcxpresso_7.3.0_186/lpcxpresso/tools/bin/../lib/gcc/arm-none-eabi/4.8.4/armv7e-m/softfp\libcr_eabihelpers.a(double.o)
                0x00005798                __aeabi_i2d
 .text.__aeabi_dcmpeq
                0x000057a8       0x3a c:/nxp/lpcxpresso_7.3.0_186/lpcxpresso/tools/bin/../lib/gcc/arm-none-eabi/4.8.4/armv7e-m/softfp\libcr_eabihelpers.a(double.o)
                0x000057a8                __aeabi_dcmpeq
 .text.__aeabi_dcmplt
                0x000057e2       0x66 c:/nxp/lpcxpresso_7.3.0_186/lpcxpresso/tools/bin/../lib/gcc/arm-none-eabi/4.8.4/armv7e-m/softfp\libcr_eabihelpers.a(double.o)
                0x000057e2                __aeabi_dcmplt
 .text.__aeabi_dcmple
                0x00005848       0x64 c:/nxp/lpcxpresso_7.3.0_186/lpcxpresso/tools/bin/../lib/gcc/arm-none-eabi/4.8.4/armv7e-m/softfp\libcr_eabihelpers.a(double.o)
                0x00005848                __aeabi_dcmple
 .text.__aeabi_dcmpge
                0x000058ac       0x60 c:/nxp/lpcxpresso_7.3.0_186/lpcxpresso/tools/bin/../lib/gcc/arm-none-eabi/4.8.4/armv7e-m/softfp\libcr_eabihelpers.a(double.o)
                0x000058ac                __aeabi_dcmpge
 .text.__aeabi_memcpy
                0x0000590c       0x2a c:/nxp/lpcxpresso_7.3.0_186/lpcxpresso/tools/bin/../lib/gcc/arm-none-eabi/4.8.4/armv7e-m/softfp\libcr_eabihelpers.a(memcpy.o)
                0x0000590c                __aeabi_memcpy4
                0x0000590c                __aeabi_memcpy8
                0x0000590c                __aeabi_memcpy
 .text.__aeabi_memset_lowlevel
                0x00005936       0x2c c:/nxp/lpcxpresso_7.3.0_186/lpcxpresso/tools/bin/../lib/gcc/arm-none-eabi/4.8.4/armv7e-m/softfp\libcr_eabihelpers.a(memcpy.o)
                0x00005936                __aeabi_lowlevel_memset
 *fill*         0x00005962        0x2 
 .text.__sys_appexit
                0x00005964        0xc c:/nxp/lpcxpresso_7.3.0_186/lpcxpresso/tools/bin/../lib/gcc/arm-none-eabi/4.8.4/../../../../arm-none-eabi/lib/armv7e-m/softfp\libcr_semihost.a(__sys_appexit.o)
                0x00005964                __sys_appexit
                0x00005964                __exit
 .text.__sys_close
                0x00005970        0xc c:/nxp/lpcxpresso_7.3.0_186/lpcxpresso/tools/bin/../lib/gcc/arm-none-eabi/4.8.4/../../../../arm-none-eabi/lib/armv7e-m/softfp\libcr_semihost.a(__sys_close.o)
                0x00005970                __sys_close
 .text.__sys_flen
                0x0000597c        0xc c:/nxp/lpcxpresso_7.3.0_186/lpcxpresso/tools/bin/../lib/gcc/arm-none-eabi/4.8.4/../../../../arm-none-eabi/lib/armv7e-m/softfp\libcr_semihost.a(__sys_flen.o)
                0x0000597c                __sys_flen
 .text.__sys_istty
                0x00005988        0xc c:/nxp/lpcxpresso_7.3.0_186/lpcxpresso/tools/bin/../lib/gcc/arm-none-eabi/4.8.4/../../../../arm-none-eabi/lib/armv7e-m/softfp\libcr_semihost.a(__sys_istty.o)
                0x00005988                __sys_istty
 .text.__sys_remove
                0x00005994        0xc c:/nxp/lpcxpresso_7.3.0_186/lpcxpresso/tools/bin/../lib/gcc/arm-none-eabi/4.8.4/../../../../arm-none-eabi/lib/armv7e-m/softfp\libcr_semihost.a(__sys_remove.o)
                0x00005994                __sys_remove
 .text.__sys_seek
                0x000059a0        0xc c:/nxp/lpcxpresso_7.3.0_186/lpcxpresso/tools/bin/../lib/gcc/arm-none-eabi/4.8.4/../../../../arm-none-eabi/lib/armv7e-m/softfp\libcr_semihost.a(__sys_seek.o)
                0x000059a0                __sys_seek
 .text.__sys_tmpnam
                0x000059ac        0xc c:/nxp/lpcxpresso_7.3.0_186/lpcxpresso/tools/bin/../lib/gcc/arm-none-eabi/4.8.4/../../../../arm-none-eabi/lib/armv7e-m/softfp\libcr_semihost.a(__sys_tmpnam.o)
                0x000059ac                __sys_tmpnam
 .text.__sys_write
                0x000059b8        0xc c:/nxp/lpcxpresso_7.3.0_186/lpcxpresso/tools/bin/../lib/gcc/arm-none-eabi/4.8.4/../../../../arm-none-eabi/lib/armv7e-m/softfp\libcr_semihost.a(__sys_write.o)
                0x000059b8                __sys_write
                0x000059b8                __write
 *(.rodata .rodata.* .constdata .constdata.*)
 .rodata.str1.4
                0x000059c4        0x7 ./src/SmashPad.o
                                  0x8 (size before relaxing)
 *fill*         0x000059cb        0x1 
 .rodata.str1.4
                0x000059cc      0x10f ./src/lcd.o
                                0x110 (size before relaxing)
 *fill*         0x00005adb        0x1 
 .rodata.QF_active
                0x00005adc       0x18 ./src/statemachine.o
                0x00005adc                QF_active
 .rodata.str1.4
                0x00005af4       0x6c ./src/statemachine.o
                                 0x78 (size before relaxing)
 .rodata.l_this_file
                0x00005b60        0x8 ./inc/qepn.o
 .rodata.invPow2Lkup.3879
                0x00005b68        0xc ./inc/qfn.o
 .rodata.log2Lkup.3878
                0x00005b74       0x10 ./inc/qfn.o
 .rodata.l_pow2Lkup
                0x00005b84        0xc ./inc/qfn.o
 .rodata.l_this_file
                0x00005b90        0x4 ./inc/qfn.o
 .rodata.ledports
                0x00005b94        0x4 C:\Users\Trenton Rochelle\Documents\LPCXpresso_7.3.0_186\workspace\lpc_board_ea_devkit_4088\Debug\liblpc_board_ea_devkit_4088.a(board.o)
 .rodata.OscRateIn
                0x00005b98        0x4 C:\Users\Trenton Rochelle\Documents\LPCXpresso_7.3.0_186\workspace\lpc_board_ea_devkit_4088\Debug\liblpc_board_ea_devkit_4088.a(board.o)
                0x00005b98                OscRateIn
 .rodata.ledpins
                0x00005b9c        0x4 C:\Users\Trenton Rochelle\Documents\LPCXpresso_7.3.0_186\workspace\lpc_board_ea_devkit_4088\Debug\liblpc_board_ea_devkit_4088.a(board.o)
 .rodata.ledBits
                0x00005ba0        0x4 C:\Users\Trenton Rochelle\Documents\LPCXpresso_7.3.0_186\workspace\lpc_board_ea_devkit_4088\Debug\liblpc_board_ea_devkit_4088.a(board.o)
 .rodata.IS42S32800D_config
                0x00005ba4       0x74 C:\Users\Trenton Rochelle\Documents\LPCXpresso_7.3.0_186\workspace\lpc_board_ea_devkit_4088\Debug\liblpc_board_ea_devkit_4088.a(board_sysinit.o)
 .rodata.K9F1G_config
                0x00005c18       0x20 C:\Users\Trenton Rochelle\Documents\LPCXpresso_7.3.0_186\workspace\lpc_board_ea_devkit_4088\Debug\liblpc_board_ea_devkit_4088.a(board_sysinit.o)
 .rodata.SST39VF320_config
                0x00005c38       0x20 C:\Users\Trenton Rochelle\Documents\LPCXpresso_7.3.0_186\workspace\lpc_board_ea_devkit_4088\Debug\liblpc_board_ea_devkit_4088.a(board_sysinit.o)
 .rodata.pinmuxing
                0x00005c58       0x88 C:\Users\Trenton Rochelle\Documents\LPCXpresso_7.3.0_186\workspace\lpc_board_ea_devkit_4088\Debug\liblpc_board_ea_devkit_4088.a(board_sysinit.o)
 .rodata.str1.1
                0x00005ce0       0x34 c:/nxp/lpcxpresso_7.3.0_186/lpcxpresso/tools/bin/../lib/gcc/arm-none-eabi/4.8.4/../../../../arm-none-eabi/lib/armv7e-m/softfp\libcr_c.a(fpprintf.o)
                                 0x35 (size before relaxing)
 .rodata.str1.1
                0x00005d14        0x4 c:/nxp/lpcxpresso_7.3.0_186/lpcxpresso/tools/bin/../lib/gcc/arm-none-eabi/4.8.4/../../../../arm-none-eabi/lib/armv7e-m/softfp\libcr_c.a(initio.o)
 .rodata.str1.1
                0x00005d18       0x31 c:/nxp/lpcxpresso_7.3.0_186/lpcxpresso/tools/bin/../lib/gcc/arm-none-eabi/4.8.4/../../../../arm-none-eabi/lib/armv7e-m/softfp\libcr_c.a(printf.o)
                                 0x38 (size before relaxing)
 *fill*         0x00005d49        0x7 
 .rodata.__huge_vall
                0x00005d50        0x8 c:/nxp/lpcxpresso_7.3.0_186/lpcxpresso/tools/bin/../lib/gcc/arm-none-eabi/4.8.4/../../../../arm-none-eabi/lib/armv7e-m/softfp\libcr_c.a(_hugeval.o)
                0x00005d50                __huge_vall
 .rodata.str1.1
                0x00005d58       0x18 c:/nxp/lpcxpresso_7.3.0_186/lpcxpresso/tools/bin/../lib/gcc/arm-none-eabi/4.8.4/../../../../arm-none-eabi/lib/armv7e-m/softfp\libcr_c.a(alloc.o)
                0x00005d70                . = ALIGN (0x4)

.glue_7         0x00005d70        0x0
 .glue_7        0x00000000        0x0 linker stubs

.glue_7t        0x00005d70        0x0
 .glue_7t       0x00000000        0x0 linker stubs

.vfp11_veneer   0x00005d70        0x0
 .vfp11_veneer  0x00000000        0x0 linker stubs

.v4_bx          0x00005d70        0x0
 .v4_bx         0x00000000        0x0 linker stubs

.iplt           0x00005d70        0x0
 .iplt          0x00000000        0x0 ./src/SmashPad.o

.rel.dyn        0x00005d70        0x0
 .rel.iplt      0x00000000        0x0 ./src/SmashPad.o

.ARM.extab
 *(.ARM.extab* .gnu.linkonce.armextab.*)
                0x00005d70                __exidx_start = .

.ARM.exidx
 *(.ARM.exidx* .gnu.linkonce.armexidx.*)
                0x00005d70                __exidx_end = .
                0x00005d70                _etext = .

.data_RAM2      0x20000000        0x0 load address 0x00005d70
 FILL mask 0xff
 *(.ramfunc.$RAM2)
 *(.ramfunc.$RamPeriph32)
 *(.data.$RAM2*)
 *(.data.$RamPeriph32*)
                0x20000000                . = ALIGN (0x4)

.uninit_RESERVED
                0x10000000        0x0
 *(.bss.$RESERVED*)
                0x10000000                . = ALIGN (0x4)
                0x10000000                _end_uninit_RESERVED = .

.data           0x10000000      0xc94 load address 0x00005d70
 FILL mask 0xff
                0x10000000                _data = .
 *(vtable)
 *(.ramfunc*)
 *(.data*)
 .data.BigFont  0x10000000      0xbe4 ./src/fonts.o
                0x10000000                BigFont
 .data.sound    0x10000be4       0x50 ./src/lcd.o
                0x10000be4                sound
 .data.uart_green
                0x10000c34        0x4 ./src/statemachine.o
                0x10000c34                uart_green
 .data.uart_signal
                0x10000c38       0x50 ./src/statemachine.o
                0x10000c38                uart_signal
 .data.uart_yellow
                0x10000c88        0x4 ./src/statemachine.o
                0x10000c88                uart_yellow
 .data.uart_blue
                0x10000c8c        0x4 ./src/statemachine.o
                0x10000c8c                uart_blue
 .data.uart_red
                0x10000c90        0x4 ./src/statemachine.o
                0x10000c90                uart_red
                0x10000c94                . = ALIGN (0x4)
                0x10000c94                _edata = .

.igot.plt       0x10000c94        0x0 load address 0x00006a04
 .igot.plt      0x00000000        0x0 ./src/SmashPad.o

.bss_RAM2       0x20000000        0x0
 *(.bss.$RAM2*)
 *(.bss.$RamPeriph32*)
                0x20000000                . = ALIGN (0x4)

.bss            0x10000c94      0x694
                0x10000c94                _bss = .
 *(.bss*)
 .bss.ssp_format
                0x10000c94        0x4 ./src/SmashPad.o
 .bss.greenOut  0x10000c98        0x4 ./src/bsp.o
                0x10000c98                greenOut
 .bss.redOut    0x10000c9c        0x4 ./src/bsp.o
                0x10000c9c                redOut
 .bss.blueHit   0x10000ca0        0x4 ./src/bsp.o
                0x10000ca0                blueHit
 .bss.redHit    0x10000ca4        0x4 ./src/bsp.o
                0x10000ca4                redHit
 .bss.yellowOut
                0x10000ca8        0x4 ./src/bsp.o
                0x10000ca8                yellowOut
 .bss.greenHit  0x10000cac        0x4 ./src/bsp.o
                0x10000cac                greenHit
 .bss.data      0x10000cb0        0x4 ./src/bsp.o
                0x10000cb0                data
 .bss.yellowHit
                0x10000cb4        0x4 ./src/bsp.o
                0x10000cb4                yellowHit
 .bss.blueOut   0x10000cb8        0x4 ./src/bsp.o
                0x10000cb8                blueOut
 .bss.ADCSetup  0x10000cbc        0x8 ./src/statemachine.o
 .bss.rxring    0x10000cc4       0x14 ./src/statemachine.o
 .bss.txbuff    0x10000cd8       0x80 ./src/statemachine.o
 .bss.txring    0x10000d58       0x14 ./src/statemachine.o
 .bss.l_lab2aQueue
                0x10000d6c      0x3e8 ./src/statemachine.o
 .bss.rxbuff    0x10001154       0x20 ./src/statemachine.o
 .bss.ABsyncSts
                0x10001174        0x1 C:\Users\Trenton Rochelle\Documents\LPCXpresso_7.3.0_186\workspace\lpc_chip_40xx\Debug\liblpc_chip_40xx.a(uart_17xx_40xx.o)
 *fill*         0x10001175        0x3 
 .bss.errno     0x10001178        0x4 c:/nxp/lpcxpresso_7.3.0_186/lpcxpresso/tools/bin/../lib/gcc/arm-none-eabi/4.8.4/../../../../arm-none-eabi/lib/armv7e-m/softfp\libcr_c.a(errno.o)
                0x10001178                errno
 *(COMMON)
 COMMON         0x1000117c       0x10 ./src/bsp.o
                0x1000117c                b
                0x10001180                g
                0x10001184                r
                0x10001188                y
 COMMON         0x1000118c       0x18 ./src/lcd.o
                0x1000118c                fch
                0x10001190                fcl
                0x10001194                bcl
                0x10001198                bch
                0x1000119c                cfont
 COMMON         0x100011a4       0x30 ./src/statemachine.o
                0x100011a4                Main_SM
 COMMON         0x100011d4        0x1 ./inc/qfn.o
                0x100011d4                QF_readySet_
 *fill*         0x100011d5        0x3 
 COMMON         0x100011d8        0x4 C:\Users\Trenton Rochelle\Documents\LPCXpresso_7.3.0_186\workspace\lpc_chip_40xx\Debug\liblpc_chip_40xx.a(chip_17xx_40xx.o)
                0x100011d8                SystemCoreClock
 COMMON         0x100011dc        0x4 c:/nxp/lpcxpresso_7.3.0_186/lpcxpresso/tools/bin/../lib/gcc/arm-none-eabi/4.8.4/../../../../arm-none-eabi/lib/armv7e-m/softfp\libcr_c.a(initio.o)
                0x100011dc                _extra
 COMMON         0x100011e0      0x140 c:/nxp/lpcxpresso_7.3.0_186/lpcxpresso/tools/bin/../lib/gcc/arm-none-eabi/4.8.4/../../../../arm-none-eabi/lib/armv7e-m/softfp\libcr_c.a(stdio.o)
                0x100011e0                __Ciob
 COMMON         0x10001320        0x8 c:/nxp/lpcxpresso_7.3.0_186/lpcxpresso/tools/bin/../lib/gcc/arm-none-eabi/4.8.4/../../../../arm-none-eabi/lib/armv7e-m/softfp\libcr_c.a(__init_alloc.o)
                0x10001320                __heaps
                0x10001324                __end_of_heap
                0x10001328                . = ALIGN (0x4)
                0x10001328                _ebss = .
                0x10001328                PROVIDE (end, .)

.noinit_RAM2    0x20000000        0x0
 *(.noinit.$RAM2*)
 *(.noinit.$RamPeriph32*)
                0x20000000                . = ALIGN (0x4)

.noinit         0x10001328        0x0
                0x10001328                _noinit = .
 *(.noinit*)
                0x10001328                . = ALIGN (0x4)
                0x10001328                _end_noinit = .
                0x10001328                PROVIDE (_pvHeapStart, .)
                0x10010000                PROVIDE (_vStackTop, (__top_RamLoc64 - 0x0))
OUTPUT(SmashPad.axf elf32-littlearm)

.debug_info     0x00000000    0x12394
 .debug_info    0x00000000      0xf87 ./src/SmashPad.o
 .debug_info    0x00000f87      0xc6e ./src/bsp.o
 .debug_info    0x00001bf5      0x29b ./src/cr_startup_lpc407x_8x.o
 .debug_info    0x00001e90       0x3f ./src/crp.o
 .debug_info    0x00001ecf      0x1f4 ./src/fonts.o
 .debug_info    0x000020c3     0x280e ./src/lcd.o
 .debug_info    0x000048d1     0x20eb ./src/statemachine.o
 .debug_info    0x000069bc      0x132 ./src/sysinit.o
 .debug_info    0x00006aee      0x606 ./inc/qepn.o
 .debug_info    0x000070f4      0x4ab ./inc/qfn.o
 .debug_info    0x0000759f     0x39d2 C:\Users\Trenton Rochelle\Documents\LPCXpresso_7.3.0_186\workspace\lpc_board_ea_devkit_4088\Debug\liblpc_board_ea_devkit_4088.a(board.o)
 .debug_info    0x0000af71      0xc43 C:\Users\Trenton Rochelle\Documents\LPCXpresso_7.3.0_186\workspace\lpc_board_ea_devkit_4088\Debug\liblpc_board_ea_devkit_4088.a(board_sysinit.o)
 .debug_info    0x0000bbb4      0x89d C:\Users\Trenton Rochelle\Documents\LPCXpresso_7.3.0_186\workspace\lpc_chip_40xx\Debug\liblpc_chip_40xx.a(adc_17xx_40xx.o)
 .debug_info    0x0000c451      0x65c C:\Users\Trenton Rochelle\Documents\LPCXpresso_7.3.0_186\workspace\lpc_chip_40xx\Debug\liblpc_chip_40xx.a(chip_17xx_40xx.o)
 .debug_info    0x0000caad      0xc77 C:\Users\Trenton Rochelle\Documents\LPCXpresso_7.3.0_186\workspace\lpc_chip_40xx\Debug\liblpc_chip_40xx.a(clock_17xx_40xx.o)
 .debug_info    0x0000d724      0xea5 C:\Users\Trenton Rochelle\Documents\LPCXpresso_7.3.0_186\workspace\lpc_chip_40xx\Debug\liblpc_chip_40xx.a(emc_17xx_40xx.o)
 .debug_info    0x0000e5c9      0x12f C:\Users\Trenton Rochelle\Documents\LPCXpresso_7.3.0_186\workspace\lpc_chip_40xx\Debug\liblpc_chip_40xx.a(fpu_init.o)
 .debug_info    0x0000e6f8      0x216 C:\Users\Trenton Rochelle\Documents\LPCXpresso_7.3.0_186\workspace\lpc_chip_40xx\Debug\liblpc_chip_40xx.a(iocon_17xx_40xx.o)
 .debug_info    0x0000e90e      0x4a1 C:\Users\Trenton Rochelle\Documents\LPCXpresso_7.3.0_186\workspace\lpc_chip_40xx\Debug\liblpc_chip_40xx.a(ring_buffer.o)
 .debug_info    0x0000edaf     0x12ac C:\Users\Trenton Rochelle\Documents\LPCXpresso_7.3.0_186\workspace\lpc_chip_40xx\Debug\liblpc_chip_40xx.a(ssp_17xx_40xx.o)
 .debug_info    0x0001005b      0x501 C:\Users\Trenton Rochelle\Documents\LPCXpresso_7.3.0_186\workspace\lpc_chip_40xx\Debug\liblpc_chip_40xx.a(sysctl_17xx_40xx.o)
 .debug_info    0x0001055c      0x705 C:\Users\Trenton Rochelle\Documents\LPCXpresso_7.3.0_186\workspace\lpc_chip_40xx\Debug\liblpc_chip_40xx.a(sysinit_17xx_40xx.o)
 .debug_info    0x00010c61      0x44a C:\Users\Trenton Rochelle\Documents\LPCXpresso_7.3.0_186\workspace\lpc_chip_40xx\Debug\liblpc_chip_40xx.a(timer_17xx_40xx.o)
 .debug_info    0x000110ab     0x12e9 C:\Users\Trenton Rochelle\Documents\LPCXpresso_7.3.0_186\workspace\lpc_chip_40xx\Debug\liblpc_chip_40xx.a(uart_17xx_40xx.o)

.debug_abbrev   0x00000000     0x3226
 .debug_abbrev  0x00000000      0x2fe ./src/SmashPad.o
 .debug_abbrev  0x000002fe      0x21d ./src/bsp.o
 .debug_abbrev  0x0000051b      0x120 ./src/cr_startup_lpc407x_8x.o
 .debug_abbrev  0x0000063b       0x36 ./src/crp.o
 .debug_abbrev  0x00000671       0x9f ./src/fonts.o
 .debug_abbrev  0x00000710      0x2de ./src/lcd.o
 .debug_abbrev  0x000009ee      0x3fe ./src/statemachine.o
 .debug_abbrev  0x00000dec       0xbf ./src/sysinit.o
 .debug_abbrev  0x00000eab      0x19e ./inc/qepn.o
 .debug_abbrev  0x00001049      0x1d8 ./inc/qfn.o
 .debug_abbrev  0x00001221      0x480 C:\Users\Trenton Rochelle\Documents\LPCXpresso_7.3.0_186\workspace\lpc_board_ea_devkit_4088\Debug\liblpc_board_ea_devkit_4088.a(board.o)
 .debug_abbrev  0x000016a1      0x29d C:\Users\Trenton Rochelle\Documents\LPCXpresso_7.3.0_186\workspace\lpc_board_ea_devkit_4088\Debug\liblpc_board_ea_devkit_4088.a(board_sysinit.o)
 .debug_abbrev  0x0000193e      0x222 C:\Users\Trenton Rochelle\Documents\LPCXpresso_7.3.0_186\workspace\lpc_chip_40xx\Debug\liblpc_chip_40xx.a(adc_17xx_40xx.o)
 .debug_abbrev  0x00001b60      0x1e5 C:\Users\Trenton Rochelle\Documents\LPCXpresso_7.3.0_186\workspace\lpc_chip_40xx\Debug\liblpc_chip_40xx.a(chip_17xx_40xx.o)
 .debug_abbrev  0x00001d45      0x2f1 C:\Users\Trenton Rochelle\Documents\LPCXpresso_7.3.0_186\workspace\lpc_chip_40xx\Debug\liblpc_chip_40xx.a(clock_17xx_40xx.o)
 .debug_abbrev  0x00002036      0x255 C:\Users\Trenton Rochelle\Documents\LPCXpresso_7.3.0_186\workspace\lpc_chip_40xx\Debug\liblpc_chip_40xx.a(emc_17xx_40xx.o)
 .debug_abbrev  0x0000228b       0xa2 C:\Users\Trenton Rochelle\Documents\LPCXpresso_7.3.0_186\workspace\lpc_chip_40xx\Debug\liblpc_chip_40xx.a(fpu_init.o)
 .debug_abbrev  0x0000232d      0x13e C:\Users\Trenton Rochelle\Documents\LPCXpresso_7.3.0_186\workspace\lpc_chip_40xx\Debug\liblpc_chip_40xx.a(iocon_17xx_40xx.o)
 .debug_abbrev  0x0000246b      0x16d C:\Users\Trenton Rochelle\Documents\LPCXpresso_7.3.0_186\workspace\lpc_chip_40xx\Debug\liblpc_chip_40xx.a(ring_buffer.o)
 .debug_abbrev  0x000025d8      0x357 C:\Users\Trenton Rochelle\Documents\LPCXpresso_7.3.0_186\workspace\lpc_chip_40xx\Debug\liblpc_chip_40xx.a(ssp_17xx_40xx.o)
 .debug_abbrev  0x0000292f      0x158 C:\Users\Trenton Rochelle\Documents\LPCXpresso_7.3.0_186\workspace\lpc_chip_40xx\Debug\liblpc_chip_40xx.a(sysctl_17xx_40xx.o)
 .debug_abbrev  0x00002a87      0x1f2 C:\Users\Trenton Rochelle\Documents\LPCXpresso_7.3.0_186\workspace\lpc_chip_40xx\Debug\liblpc_chip_40xx.a(sysinit_17xx_40xx.o)
 .debug_abbrev  0x00002c79      0x1c1 C:\Users\Trenton Rochelle\Documents\LPCXpresso_7.3.0_186\workspace\lpc_chip_40xx\Debug\liblpc_chip_40xx.a(timer_17xx_40xx.o)
 .debug_abbrev  0x00002e3a      0x3ec C:\Users\Trenton Rochelle\Documents\LPCXpresso_7.3.0_186\workspace\lpc_chip_40xx\Debug\liblpc_chip_40xx.a(uart_17xx_40xx.o)

.debug_aranges  0x00000000      0x9f8
 .debug_aranges
                0x00000000       0x28 ./src/SmashPad.o
 .debug_aranges
                0x00000028       0x30 ./src/bsp.o
 .debug_aranges
                0x00000058       0x80 ./src/cr_startup_lpc407x_8x.o
 .debug_aranges
                0x000000d8       0x18 ./src/crp.o
 .debug_aranges
                0x000000f0       0x18 ./src/fonts.o
 .debug_aranges
                0x00000108      0x198 ./src/lcd.o
 .debug_aranges
                0x000002a0       0xf0 ./src/statemachine.o
 .debug_aranges
                0x00000390       0x20 ./src/sysinit.o
 .debug_aranges
                0x000003b0       0x48 ./inc/qepn.o
 .debug_aranges
                0x000003f8       0x38 ./inc/qfn.o
 .debug_aranges
                0x00000430      0x138 C:\Users\Trenton Rochelle\Documents\LPCXpresso_7.3.0_186\workspace\lpc_board_ea_devkit_4088\Debug\liblpc_board_ea_devkit_4088.a(board.o)
 .debug_aranges
                0x00000568       0x38 C:\Users\Trenton Rochelle\Documents\LPCXpresso_7.3.0_186\workspace\lpc_board_ea_devkit_4088\Debug\liblpc_board_ea_devkit_4088.a(board_sysinit.o)
 .debug_aranges
                0x000005a0       0x80 C:\Users\Trenton Rochelle\Documents\LPCXpresso_7.3.0_186\workspace\lpc_chip_40xx\Debug\liblpc_chip_40xx.a(adc_17xx_40xx.o)
 .debug_aranges
                0x00000620       0x28 C:\Users\Trenton Rochelle\Documents\LPCXpresso_7.3.0_186\workspace\lpc_chip_40xx\Debug\liblpc_chip_40xx.a(chip_17xx_40xx.o)
 .debug_aranges
                0x00000648       0xd8 C:\Users\Trenton Rochelle\Documents\LPCXpresso_7.3.0_186\workspace\lpc_chip_40xx\Debug\liblpc_chip_40xx.a(clock_17xx_40xx.o)
 .debug_aranges
                0x00000720       0x70 C:\Users\Trenton Rochelle\Documents\LPCXpresso_7.3.0_186\workspace\lpc_chip_40xx\Debug\liblpc_chip_40xx.a(emc_17xx_40xx.o)
 .debug_aranges
                0x00000790       0x20 C:\Users\Trenton Rochelle\Documents\LPCXpresso_7.3.0_186\workspace\lpc_chip_40xx\Debug\liblpc_chip_40xx.a(fpu_init.o)
 .debug_aranges
                0x000007b0       0x20 C:\Users\Trenton Rochelle\Documents\LPCXpresso_7.3.0_186\workspace\lpc_chip_40xx\Debug\liblpc_chip_40xx.a(iocon_17xx_40xx.o)
 .debug_aranges
                0x000007d0       0x40 C:\Users\Trenton Rochelle\Documents\LPCXpresso_7.3.0_186\workspace\lpc_chip_40xx\Debug\liblpc_chip_40xx.a(ring_buffer.o)
 .debug_aranges
                0x00000810       0x98 C:\Users\Trenton Rochelle\Documents\LPCXpresso_7.3.0_186\workspace\lpc_chip_40xx\Debug\liblpc_chip_40xx.a(ssp_17xx_40xx.o)
 .debug_aranges
                0x000008a8       0x28 C:\Users\Trenton Rochelle\Documents\LPCXpresso_7.3.0_186\workspace\lpc_chip_40xx\Debug\liblpc_chip_40xx.a(sysctl_17xx_40xx.o)
 .debug_aranges
                0x000008d0       0x30 C:\Users\Trenton Rochelle\Documents\LPCXpresso_7.3.0_186\workspace\lpc_chip_40xx\Debug\liblpc_chip_40xx.a(sysinit_17xx_40xx.o)
 .debug_aranges
                0x00000900       0x40 C:\Users\Trenton Rochelle\Documents\LPCXpresso_7.3.0_186\workspace\lpc_chip_40xx\Debug\liblpc_chip_40xx.a(timer_17xx_40xx.o)
 .debug_aranges
                0x00000940       0xb8 C:\Users\Trenton Rochelle\Documents\LPCXpresso_7.3.0_186\workspace\lpc_chip_40xx\Debug\liblpc_chip_40xx.a(uart_17xx_40xx.o)

.debug_ranges   0x00000000      0x958
 .debug_ranges  0x00000000       0x18 ./src/SmashPad.o
 .debug_ranges  0x00000018       0x20 ./src/bsp.o
 .debug_ranges  0x00000038       0x70 ./src/cr_startup_lpc407x_8x.o
 .debug_ranges  0x000000a8      0x188 ./src/lcd.o
 .debug_ranges  0x00000230       0xe0 ./src/statemachine.o
 .debug_ranges  0x00000310       0x10 ./src/sysinit.o
 .debug_ranges  0x00000320       0x38 ./inc/qepn.o
 .debug_ranges  0x00000358       0x28 ./inc/qfn.o
 .debug_ranges  0x00000380      0x188 C:\Users\Trenton Rochelle\Documents\LPCXpresso_7.3.0_186\workspace\lpc_board_ea_devkit_4088\Debug\liblpc_board_ea_devkit_4088.a(board.o)
 .debug_ranges  0x00000508       0x48 C:\Users\Trenton Rochelle\Documents\LPCXpresso_7.3.0_186\workspace\lpc_board_ea_devkit_4088\Debug\liblpc_board_ea_devkit_4088.a(board_sysinit.o)
 .debug_ranges  0x00000550       0x70 C:\Users\Trenton Rochelle\Documents\LPCXpresso_7.3.0_186\workspace\lpc_chip_40xx\Debug\liblpc_chip_40xx.a(adc_17xx_40xx.o)
 .debug_ranges  0x000005c0       0x18 C:\Users\Trenton Rochelle\Documents\LPCXpresso_7.3.0_186\workspace\lpc_chip_40xx\Debug\liblpc_chip_40xx.a(chip_17xx_40xx.o)
 .debug_ranges  0x000005d8       0xc8 C:\Users\Trenton Rochelle\Documents\LPCXpresso_7.3.0_186\workspace\lpc_chip_40xx\Debug\liblpc_chip_40xx.a(clock_17xx_40xx.o)
 .debug_ranges  0x000006a0       0x60 C:\Users\Trenton Rochelle\Documents\LPCXpresso_7.3.0_186\workspace\lpc_chip_40xx\Debug\liblpc_chip_40xx.a(emc_17xx_40xx.o)
 .debug_ranges  0x00000700       0x10 C:\Users\Trenton Rochelle\Documents\LPCXpresso_7.3.0_186\workspace\lpc_chip_40xx\Debug\liblpc_chip_40xx.a(fpu_init.o)
 .debug_ranges  0x00000710       0x10 C:\Users\Trenton Rochelle\Documents\LPCXpresso_7.3.0_186\workspace\lpc_chip_40xx\Debug\liblpc_chip_40xx.a(iocon_17xx_40xx.o)
 .debug_ranges  0x00000720       0x30 C:\Users\Trenton Rochelle\Documents\LPCXpresso_7.3.0_186\workspace\lpc_chip_40xx\Debug\liblpc_chip_40xx.a(ring_buffer.o)
 .debug_ranges  0x00000750       0xf8 C:\Users\Trenton Rochelle\Documents\LPCXpresso_7.3.0_186\workspace\lpc_chip_40xx\Debug\liblpc_chip_40xx.a(ssp_17xx_40xx.o)
 .debug_ranges  0x00000848       0x18 C:\Users\Trenton Rochelle\Documents\LPCXpresso_7.3.0_186\workspace\lpc_chip_40xx\Debug\liblpc_chip_40xx.a(sysctl_17xx_40xx.o)
 .debug_ranges  0x00000860       0x20 C:\Users\Trenton Rochelle\Documents\LPCXpresso_7.3.0_186\workspace\lpc_chip_40xx\Debug\liblpc_chip_40xx.a(sysinit_17xx_40xx.o)
 .debug_ranges  0x00000880       0x30 C:\Users\Trenton Rochelle\Documents\LPCXpresso_7.3.0_186\workspace\lpc_chip_40xx\Debug\liblpc_chip_40xx.a(timer_17xx_40xx.o)
 .debug_ranges  0x000008b0       0xa8 C:\Users\Trenton Rochelle\Documents\LPCXpresso_7.3.0_186\workspace\lpc_chip_40xx\Debug\liblpc_chip_40xx.a(uart_17xx_40xx.o)

.debug_macro    0x00000000     0x848e
 .debug_macro   0x00000000      0x372 ./src/SmashPad.o
 .debug_macro   0x00000372      0x874 ./src/SmashPad.o
 .debug_macro   0x00000be6       0x82 ./src/SmashPad.o
 .debug_macro   0x00000c68       0x10 ./src/SmashPad.o
 .debug_macro   0x00000c78      0x122 ./src/SmashPad.o
 .debug_macro   0x00000d9a      0x5b9 ./src/SmashPad.o
 .debug_macro   0x00001353       0x22 ./src/SmashPad.o
 .debug_macro   0x00001375       0x7b ./src/SmashPad.o
 .debug_macro   0x000013f0       0x16 ./src/SmashPad.o
 .debug_macro   0x00001406       0x2d ./src/SmashPad.o
 .debug_macro   0x00001433       0x3b ./src/SmashPad.o
 .debug_macro   0x0000146e       0x2d ./src/SmashPad.o
 .debug_macro   0x0000149b       0x42 ./src/SmashPad.o
 .debug_macro   0x000014dd      0xd39 ./src/SmashPad.o
 .debug_macro   0x00002216      0x295 ./src/SmashPad.o
 .debug_macro   0x000024ab       0x50 ./src/SmashPad.o
 .debug_macro   0x000024fb       0x34 ./src/SmashPad.o
 .debug_macro   0x0000252f      0x152 ./src/SmashPad.o
 .debug_macro   0x00002681       0x82 ./src/SmashPad.o
 .debug_macro   0x00002703      0x48c ./src/SmashPad.o
 .debug_macro   0x00002b8f      0x12d ./src/SmashPad.o
 .debug_macro   0x00002cbc       0x6a ./src/SmashPad.o
 .debug_macro   0x00002d26       0x34 ./src/SmashPad.o
 .debug_macro   0x00002d5a       0x58 ./src/SmashPad.o
 .debug_macro   0x00002db2      0x236 ./src/SmashPad.o
 .debug_macro   0x00002fe8      0x4c5 ./src/SmashPad.o
 .debug_macro   0x000034ad      0x1da ./src/SmashPad.o
 .debug_macro   0x00003687       0x10 ./src/SmashPad.o
 .debug_macro   0x00003697      0x21b ./src/SmashPad.o
 .debug_macro   0x000038b2      0x1b9 ./src/SmashPad.o
 .debug_macro   0x00003a6b       0x2e ./src/SmashPad.o
 .debug_macro   0x00003a99       0x40 ./src/SmashPad.o
 .debug_macro   0x00003ad9      0x209 ./src/SmashPad.o
 .debug_macro   0x00003ce2      0x2b3 ./src/SmashPad.o
 .debug_macro   0x00003f95      0x34c ./src/SmashPad.o
 .debug_macro   0x000042e1       0xb2 ./src/SmashPad.o
 .debug_macro   0x00004393       0x16 ./src/SmashPad.o
 .debug_macro   0x000043a9       0xb8 ./src/SmashPad.o
 .debug_macro   0x00004461       0x4c ./src/SmashPad.o
 .debug_macro   0x000044ad       0x16 ./src/SmashPad.o
 .debug_macro   0x000044c3      0x328 ./src/SmashPad.o
 .debug_macro   0x000047eb       0x3a ./src/SmashPad.o
 .debug_macro   0x00004825       0x16 ./src/SmashPad.o
 .debug_macro   0x0000483b       0xca ./src/SmashPad.o
 .debug_macro   0x00004905       0x18 ./src/SmashPad.o
 .debug_macro   0x0000491d       0x16 ./src/SmashPad.o
 .debug_macro   0x00004933       0x8e ./src/SmashPad.o
 .debug_macro   0x000049c1      0x124 ./src/SmashPad.o
 .debug_macro   0x00004ae5       0x72 ./src/SmashPad.o
 .debug_macro   0x00004b57       0x9a ./src/SmashPad.o
 .debug_macro   0x00004bf1       0x20 ./src/SmashPad.o
 .debug_macro   0x00004c11       0x2e ./src/SmashPad.o
 .debug_macro   0x00004c3f       0x2e ./src/SmashPad.o
 .debug_macro   0x00004c6d       0x46 ./src/SmashPad.o
 .debug_macro   0x00004cb3       0x63 ./src/SmashPad.o
 .debug_macro   0x00004d16       0x43 ./src/SmashPad.o
 .debug_macro   0x00004d59       0x1f ./src/SmashPad.o
 .debug_macro   0x00004d78       0x70 ./src/SmashPad.o
 .debug_macro   0x00004de8      0x2d7 ./src/bsp.o
 .debug_macro   0x000050bf       0x1d ./src/cr_startup_lpc407x_8x.o
 .debug_macro   0x000050dc       0x1a ./src/crp.o
 .debug_macro   0x000050f6       0x34 ./src/crp.o
 .debug_macro   0x0000512a      0x2a5 ./src/fonts.o
 .debug_macro   0x000053cf      0x350 ./src/lcd.o
 .debug_macro   0x0000571f       0xc4 ./src/lcd.o
 .debug_macro   0x000057e3      0x2de ./src/statemachine.o
 .debug_macro   0x00005ac1      0x296 ./src/sysinit.o
 .debug_macro   0x00005d57       0x6d ./inc/qepn.o
 .debug_macro   0x00005dc4       0x61 ./inc/qfn.o
 .debug_macro   0x00005e25      0x3cf C:\Users\Trenton Rochelle\Documents\LPCXpresso_7.3.0_186\workspace\lpc_board_ea_devkit_4088\Debug\liblpc_board_ea_devkit_4088.a(board.o)
 .debug_macro   0x000061f4      0x868 C:\Users\Trenton Rochelle\Documents\LPCXpresso_7.3.0_186\workspace\lpc_board_ea_devkit_4088\Debug\liblpc_board_ea_devkit_4088.a(board.o)
 .debug_macro   0x00006a5c       0x12 C:\Users\Trenton Rochelle\Documents\LPCXpresso_7.3.0_186\workspace\lpc_board_ea_devkit_4088\Debug\liblpc_board_ea_devkit_4088.a(board.o)
 .debug_macro   0x00006a6e      0x29c C:\Users\Trenton Rochelle\Documents\LPCXpresso_7.3.0_186\workspace\lpc_board_ea_devkit_4088\Debug\liblpc_board_ea_devkit_4088.a(board_sysinit.o)
 .debug_macro   0x00006d0a      0x22c C:\Users\Trenton Rochelle\Documents\LPCXpresso_7.3.0_186\workspace\lpc_chip_40xx\Debug\liblpc_chip_40xx.a(adc_17xx_40xx.o)
 .debug_macro   0x00006f36      0x22c C:\Users\Trenton Rochelle\Documents\LPCXpresso_7.3.0_186\workspace\lpc_chip_40xx\Debug\liblpc_chip_40xx.a(chip_17xx_40xx.o)
 .debug_macro   0x00007162      0x22c C:\Users\Trenton Rochelle\Documents\LPCXpresso_7.3.0_186\workspace\lpc_chip_40xx\Debug\liblpc_chip_40xx.a(clock_17xx_40xx.o)
 .debug_macro   0x0000738e      0x232 C:\Users\Trenton Rochelle\Documents\LPCXpresso_7.3.0_186\workspace\lpc_chip_40xx\Debug\liblpc_chip_40xx.a(emc_17xx_40xx.o)
 .debug_macro   0x000075c0       0xbf C:\Users\Trenton Rochelle\Documents\LPCXpresso_7.3.0_186\workspace\lpc_chip_40xx\Debug\liblpc_chip_40xx.a(fpu_init.o)
 .debug_macro   0x0000767f      0x22c C:\Users\Trenton Rochelle\Documents\LPCXpresso_7.3.0_186\workspace\lpc_chip_40xx\Debug\liblpc_chip_40xx.a(iocon_17xx_40xx.o)
 .debug_macro   0x000078ab       0x83 C:\Users\Trenton Rochelle\Documents\LPCXpresso_7.3.0_186\workspace\lpc_chip_40xx\Debug\liblpc_chip_40xx.a(ring_buffer.o)
 .debug_macro   0x0000792e       0x74 C:\Users\Trenton Rochelle\Documents\LPCXpresso_7.3.0_186\workspace\lpc_chip_40xx\Debug\liblpc_chip_40xx.a(ring_buffer.o)
 .debug_macro   0x000079a2       0x10 C:\Users\Trenton Rochelle\Documents\LPCXpresso_7.3.0_186\workspace\lpc_chip_40xx\Debug\liblpc_chip_40xx.a(ring_buffer.o)
 .debug_macro   0x000079b2      0x22c C:\Users\Trenton Rochelle\Documents\LPCXpresso_7.3.0_186\workspace\lpc_chip_40xx\Debug\liblpc_chip_40xx.a(ssp_17xx_40xx.o)
 .debug_macro   0x00007bde      0x22c C:\Users\Trenton Rochelle\Documents\LPCXpresso_7.3.0_186\workspace\lpc_chip_40xx\Debug\liblpc_chip_40xx.a(sysctl_17xx_40xx.o)
 .debug_macro   0x00007e0a      0x22c C:\Users\Trenton Rochelle\Documents\LPCXpresso_7.3.0_186\workspace\lpc_chip_40xx\Debug\liblpc_chip_40xx.a(sysinit_17xx_40xx.o)
 .debug_macro   0x00008036      0x22c C:\Users\Trenton Rochelle\Documents\LPCXpresso_7.3.0_186\workspace\lpc_chip_40xx\Debug\liblpc_chip_40xx.a(timer_17xx_40xx.o)
 .debug_macro   0x00008262      0x22c C:\Users\Trenton Rochelle\Documents\LPCXpresso_7.3.0_186\workspace\lpc_chip_40xx\Debug\liblpc_chip_40xx.a(uart_17xx_40xx.o)

.debug_line     0x00000000     0x8463
 .debug_line    0x00000000      0x6ef ./src/SmashPad.o
 .debug_line    0x000006ef      0x715 ./src/bsp.o
 .debug_line    0x00000e04       0xb1 ./src/cr_startup_lpc407x_8x.o
 .debug_line    0x00000eb5       0x78 ./src/crp.o
 .debug_line    0x00000f2d      0x57c ./src/fonts.o
 .debug_line    0x000014a9      0xa74 ./src/lcd.o
 .debug_line    0x00001f1d      0x953 ./src/statemachine.o
 .debug_line    0x00002870      0x589 ./src/sysinit.o
 .debug_line    0x00002df9      0x2a1 ./inc/qepn.o
 .debug_line    0x0000309a      0x1c5 ./inc/qfn.o
 .debug_line    0x0000325f      0xb15 C:\Users\Trenton Rochelle\Documents\LPCXpresso_7.3.0_186\workspace\lpc_board_ea_devkit_4088\Debug\liblpc_board_ea_devkit_4088.a(board.o)
 .debug_line    0x00003d74      0x630 C:\Users\Trenton Rochelle\Documents\LPCXpresso_7.3.0_186\workspace\lpc_board_ea_devkit_4088\Debug\liblpc_board_ea_devkit_4088.a(board_sysinit.o)
 .debug_line    0x000043a4      0x5aa C:\Users\Trenton Rochelle\Documents\LPCXpresso_7.3.0_186\workspace\lpc_chip_40xx\Debug\liblpc_chip_40xx.a(adc_17xx_40xx.o)
 .debug_line    0x0000494e      0x4da C:\Users\Trenton Rochelle\Documents\LPCXpresso_7.3.0_186\workspace\lpc_chip_40xx\Debug\liblpc_chip_40xx.a(chip_17xx_40xx.o)
 .debug_line    0x00004e28      0x717 C:\Users\Trenton Rochelle\Documents\LPCXpresso_7.3.0_186\workspace\lpc_chip_40xx\Debug\liblpc_chip_40xx.a(clock_17xx_40xx.o)
 .debug_line    0x0000553f      0x62d C:\Users\Trenton Rochelle\Documents\LPCXpresso_7.3.0_186\workspace\lpc_chip_40xx\Debug\liblpc_chip_40xx.a(emc_17xx_40xx.o)
 .debug_line    0x00005b6c      0x1f5 C:\Users\Trenton Rochelle\Documents\LPCXpresso_7.3.0_186\workspace\lpc_chip_40xx\Debug\liblpc_chip_40xx.a(fpu_init.o)
 .debug_line    0x00005d61      0x4d2 C:\Users\Trenton Rochelle\Documents\LPCXpresso_7.3.0_186\workspace\lpc_chip_40xx\Debug\liblpc_chip_40xx.a(iocon_17xx_40xx.o)
 .debug_line    0x00006233      0x250 C:\Users\Trenton Rochelle\Documents\LPCXpresso_7.3.0_186\workspace\lpc_chip_40xx\Debug\liblpc_chip_40xx.a(ring_buffer.o)
 .debug_line    0x00006483      0x909 C:\Users\Trenton Rochelle\Documents\LPCXpresso_7.3.0_186\workspace\lpc_chip_40xx\Debug\liblpc_chip_40xx.a(ssp_17xx_40xx.o)
 .debug_line    0x00006d8c      0x4c6 C:\Users\Trenton Rochelle\Documents\LPCXpresso_7.3.0_186\workspace\lpc_chip_40xx\Debug\liblpc_chip_40xx.a(sysctl_17xx_40xx.o)
 .debug_line    0x00007252      0x55e C:\Users\Trenton Rochelle\Documents\LPCXpresso_7.3.0_186\workspace\lpc_chip_40xx\Debug\liblpc_chip_40xx.a(sysinit_17xx_40xx.o)
 .debug_line    0x000077b0      0x50b C:\Users\Trenton Rochelle\Documents\LPCXpresso_7.3.0_186\workspace\lpc_chip_40xx\Debug\liblpc_chip_40xx.a(timer_17xx_40xx.o)
 .debug_line    0x00007cbb      0x7a8 C:\Users\Trenton Rochelle\Documents\LPCXpresso_7.3.0_186\workspace\lpc_chip_40xx\Debug\liblpc_chip_40xx.a(uart_17xx_40xx.o)

.debug_str      0x00000000    0x1cc45
 .debug_str     0x00000000    0x18204 ./src/SmashPad.o
                              0x183b0 (size before relaxing)
 .debug_str     0x00018204      0x5ea ./src/bsp.o
                              0x17c39 (size before relaxing)
 .debug_str     0x000187ee      0x1d3 ./src/cr_startup_lpc407x_8x.o
                               0x267d (size before relaxing)
 .debug_str     0x000189c1       0xe9 ./src/crp.o
                               0x2579 (size before relaxing)
 .debug_str     0x00018aaa      0x219 ./src/fonts.o
                              0x170cc (size before relaxing)
 .debug_str     0x00018cc3      0x884 ./src/lcd.o
                              0x17b28 (size before relaxing)
 .debug_str     0x00019547      0x4da ./src/statemachine.o
                              0x1821d (size before relaxing)
 .debug_str     0x00019a21       0x2a ./src/sysinit.o
                              0x16e4c (size before relaxing)
 .debug_str     0x00019a4b       0x95 ./inc/qepn.o
                               0x4272 (size before relaxing)
 .debug_str     0x00019ae0       0x52 ./inc/qfn.o
                               0x42e0 (size before relaxing)
 .debug_str     0x00019b32     0x1358 C:\Users\Trenton Rochelle\Documents\LPCXpresso_7.3.0_186\workspace\lpc_board_ea_devkit_4088\Debug\liblpc_board_ea_devkit_4088.a(board.o)
                              0x185a4 (size before relaxing)
 .debug_str     0x0001ae8a      0x753 C:\Users\Trenton Rochelle\Documents\LPCXpresso_7.3.0_186\workspace\lpc_board_ea_devkit_4088\Debug\liblpc_board_ea_devkit_4088.a(board_sysinit.o)
                              0x17a99 (size before relaxing)
 .debug_str     0x0001b5dd      0x195 C:\Users\Trenton Rochelle\Documents\LPCXpresso_7.3.0_186\workspace\lpc_chip_40xx\Debug\liblpc_chip_40xx.a(adc_17xx_40xx.o)
                              0x167ce (size before relaxing)
 .debug_str     0x0001b772       0xf4 C:\Users\Trenton Rochelle\Documents\LPCXpresso_7.3.0_186\workspace\lpc_chip_40xx\Debug\liblpc_chip_40xx.a(chip_17xx_40xx.o)
                              0x16854 (size before relaxing)
 .debug_str     0x0001b866      0x534 C:\Users\Trenton Rochelle\Documents\LPCXpresso_7.3.0_186\workspace\lpc_chip_40xx\Debug\liblpc_chip_40xx.a(clock_17xx_40xx.o)
                              0x16c78 (size before relaxing)
 .debug_str     0x0001bd9a      0x465 C:\Users\Trenton Rochelle\Documents\LPCXpresso_7.3.0_186\workspace\lpc_chip_40xx\Debug\liblpc_chip_40xx.a(emc_17xx_40xx.o)
                              0x16846 (size before relaxing)
 .debug_str     0x0001c1ff       0xad C:\Users\Trenton Rochelle\Documents\LPCXpresso_7.3.0_186\workspace\lpc_chip_40xx\Debug\liblpc_chip_40xx.a(fpu_init.o)
                               0x985d (size before relaxing)
 .debug_str     0x0001c2ac       0x2e C:\Users\Trenton Rochelle\Documents\LPCXpresso_7.3.0_186\workspace\lpc_chip_40xx\Debug\liblpc_chip_40xx.a(iocon_17xx_40xx.o)
                              0x16188 (size before relaxing)
 .debug_str     0x0001c2da      0x139 C:\Users\Trenton Rochelle\Documents\LPCXpresso_7.3.0_186\workspace\lpc_chip_40xx\Debug\liblpc_chip_40xx.a(ring_buffer.o)
                               0x3fc2 (size before relaxing)
 .debug_str     0x0001c413      0x363 C:\Users\Trenton Rochelle\Documents\LPCXpresso_7.3.0_186\workspace\lpc_chip_40xx\Debug\liblpc_chip_40xx.a(ssp_17xx_40xx.o)
                              0x16a53 (size before relaxing)
 .debug_str     0x0001c776       0x5b C:\Users\Trenton Rochelle\Documents\LPCXpresso_7.3.0_186\workspace\lpc_chip_40xx\Debug\liblpc_chip_40xx.a(sysctl_17xx_40xx.o)
                              0x1657b (size before relaxing)
 .debug_str     0x0001c7d1       0xc3 C:\Users\Trenton Rochelle\Documents\LPCXpresso_7.3.0_186\workspace\lpc_chip_40xx\Debug\liblpc_chip_40xx.a(sysinit_17xx_40xx.o)
                              0x164f2 (size before relaxing)
 .debug_str     0x0001c894      0x110 C:\Users\Trenton Rochelle\Documents\LPCXpresso_7.3.0_186\workspace\lpc_chip_40xx\Debug\liblpc_chip_40xx.a(timer_17xx_40xx.o)
                              0x16540 (size before relaxing)
 .debug_str     0x0001c9a4      0x2a1 C:\Users\Trenton Rochelle\Documents\LPCXpresso_7.3.0_186\workspace\lpc_chip_40xx\Debug\liblpc_chip_40xx.a(uart_17xx_40xx.o)
                              0x16ac1 (size before relaxing)

.comment        0x00000000       0xe0
 .comment       0x00000000       0x70 ./src/SmashPad.o
                                 0x71 (size before relaxing)
 .comment       0x00000000       0x71 ./src/bsp.o
 .comment       0x00000000       0x71 ./src/cr_startup_lpc407x_8x.o
 .comment       0x00000000       0x71 ./src/crp.o
 .comment       0x00000000       0x71 ./src/fonts.o
 .comment       0x00000000       0x71 ./src/lcd.o
 .comment       0x00000000       0x71 ./src/statemachine.o
 .comment       0x00000000       0x71 ./src/sysinit.o
 .comment       0x00000000       0x71 ./inc/qepn.o
 .comment       0x00000000       0x71 ./inc/qfn.o
 .comment       0x00000000       0x71 C:\Users\Trenton Rochelle\Documents\LPCXpresso_7.3.0_186\workspace\lpc_board_ea_devkit_4088\Debug\liblpc_board_ea_devkit_4088.a(board.o)
 .comment       0x00000000       0x71 C:\Users\Trenton Rochelle\Documents\LPCXpresso_7.3.0_186\workspace\lpc_board_ea_devkit_4088\Debug\liblpc_board_ea_devkit_4088.a(board_sysinit.o)
 .comment       0x00000000       0x71 C:\Users\Trenton Rochelle\Documents\LPCXpresso_7.3.0_186\workspace\lpc_chip_40xx\Debug\liblpc_chip_40xx.a(adc_17xx_40xx.o)
 .comment       0x00000000       0x71 C:\Users\Trenton Rochelle\Documents\LPCXpresso_7.3.0_186\workspace\lpc_chip_40xx\Debug\liblpc_chip_40xx.a(chip_17xx_40xx.o)
 .comment       0x00000000       0x71 C:\Users\Trenton Rochelle\Documents\LPCXpresso_7.3.0_186\workspace\lpc_chip_40xx\Debug\liblpc_chip_40xx.a(clock_17xx_40xx.o)
 .comment       0x00000000       0x71 C:\Users\Trenton Rochelle\Documents\LPCXpresso_7.3.0_186\workspace\lpc_chip_40xx\Debug\liblpc_chip_40xx.a(emc_17xx_40xx.o)
 .comment       0x00000000       0x71 C:\Users\Trenton Rochelle\Documents\LPCXpresso_7.3.0_186\workspace\lpc_chip_40xx\Debug\liblpc_chip_40xx.a(fpu_init.o)
 .comment       0x00000000       0x71 C:\Users\Trenton Rochelle\Documents\LPCXpresso_7.3.0_186\workspace\lpc_chip_40xx\Debug\liblpc_chip_40xx.a(iocon_17xx_40xx.o)
 .comment       0x00000000       0x71 C:\Users\Trenton Rochelle\Documents\LPCXpresso_7.3.0_186\workspace\lpc_chip_40xx\Debug\liblpc_chip_40xx.a(ring_buffer.o)
 .comment       0x00000000       0x71 C:\Users\Trenton Rochelle\Documents\LPCXpresso_7.3.0_186\workspace\lpc_chip_40xx\Debug\liblpc_chip_40xx.a(ssp_17xx_40xx.o)
 .comment       0x00000000       0x71 C:\Users\Trenton Rochelle\Documents\LPCXpresso_7.3.0_186\workspace\lpc_chip_40xx\Debug\liblpc_chip_40xx.a(sysctl_17xx_40xx.o)
 .comment       0x00000000       0x71 C:\Users\Trenton Rochelle\Documents\LPCXpresso_7.3.0_186\workspace\lpc_chip_40xx\Debug\liblpc_chip_40xx.a(sysinit_17xx_40xx.o)
 .comment       0x00000000       0x71 C:\Users\Trenton Rochelle\Documents\LPCXpresso_7.3.0_186\workspace\lpc_chip_40xx\Debug\liblpc_chip_40xx.a(timer_17xx_40xx.o)
 .comment       0x00000000       0x71 C:\Users\Trenton Rochelle\Documents\LPCXpresso_7.3.0_186\workspace\lpc_chip_40xx\Debug\liblpc_chip_40xx.a(uart_17xx_40xx.o)
 .comment       0x00000070       0x70 c:/nxp/lpcxpresso_7.3.0_186/lpcxpresso/tools/bin/../lib/gcc/arm-none-eabi/4.8.4/../../../../arm-none-eabi/lib/armv7e-m/softfp\libcr_semihost.a(_cr__main.o)
                                 0x71 (size before relaxing)
 .comment       0x00000000       0x71 c:/nxp/lpcxpresso_7.3.0_186/lpcxpresso/tools/bin/../lib/gcc/arm-none-eabi/4.8.4/../../../../arm-none-eabi/lib/armv7e-m/softfp\libcr_c.a(memcpy.o)
 .comment       0x00000000       0x71 c:/nxp/lpcxpresso_7.3.0_186/lpcxpresso/tools/bin/../lib/gcc/arm-none-eabi/4.8.4/../../../../arm-none-eabi/lib/armv7e-m/softfp\libcr_c.a(errno.o)
 .comment       0x00000000       0x71 c:/nxp/lpcxpresso_7.3.0_186/lpcxpresso/tools/bin/../lib/gcc/arm-none-eabi/4.8.4/../../../../arm-none-eabi/lib/armv7e-m/softfp\libcr_c.a(fpprintf.o)
 .comment       0x00000000       0x71 c:/nxp/lpcxpresso_7.3.0_186/lpcxpresso/tools/bin/../lib/gcc/arm-none-eabi/4.8.4/../../../../arm-none-eabi/lib/armv7e-m/softfp\libcr_c.a(initio.o)
 .comment       0x00000000       0x71 c:/nxp/lpcxpresso_7.3.0_186/lpcxpresso/tools/bin/../lib/gcc/arm-none-eabi/4.8.4/../../../../arm-none-eabi/lib/armv7e-m/softfp\libcr_c.a(printf.o)
 .comment       0x00000000       0x71 c:/nxp/lpcxpresso_7.3.0_186/lpcxpresso/tools/bin/../lib/gcc/arm-none-eabi/4.8.4/../../../../arm-none-eabi/lib/armv7e-m/softfp\libcr_c.a(setvbuf.o)
 .comment       0x00000000       0x71 c:/nxp/lpcxpresso_7.3.0_186/lpcxpresso/tools/bin/../lib/gcc/arm-none-eabi/4.8.4/../../../../arm-none-eabi/lib/armv7e-m/softfp\libcr_c.a(stdio.o)
 .comment       0x00000000       0x71 c:/nxp/lpcxpresso_7.3.0_186/lpcxpresso/tools/bin/../lib/gcc/arm-none-eabi/4.8.4/../../../../arm-none-eabi/lib/armv7e-m/softfp\libcr_c.a(strcpy.o)
 .comment       0x00000000       0x71 c:/nxp/lpcxpresso_7.3.0_186/lpcxpresso/tools/bin/../lib/gcc/arm-none-eabi/4.8.4/../../../../arm-none-eabi/lib/armv7e-m/softfp\libcr_c.a(strlen.o)
 .comment       0x00000000       0x71 c:/nxp/lpcxpresso_7.3.0_186/lpcxpresso/tools/bin/../lib/gcc/arm-none-eabi/4.8.4/../../../../arm-none-eabi/lib/armv7e-m/softfp\libcr_c.a(memset.o)
 .comment       0x00000000       0x71 c:/nxp/lpcxpresso_7.3.0_186/lpcxpresso/tools/bin/../lib/gcc/arm-none-eabi/4.8.4/../../../../arm-none-eabi/lib/armv7e-m/softfp\libcr_c.a(_deferredlazyseek.o)
 .comment       0x00000000       0x71 c:/nxp/lpcxpresso_7.3.0_186/lpcxpresso/tools/bin/../lib/gcc/arm-none-eabi/4.8.4/../../../../arm-none-eabi/lib/armv7e-m/softfp\libcr_c.a(_fdopen.o)
 .comment       0x00000000       0x71 c:/nxp/lpcxpresso_7.3.0_186/lpcxpresso/tools/bin/../lib/gcc/arm-none-eabi/4.8.4/../../../../arm-none-eabi/lib/armv7e-m/softfp\libcr_c.a(_fflush.o)
 .comment       0x00000000       0x71 c:/nxp/lpcxpresso_7.3.0_186/lpcxpresso/tools/bin/../lib/gcc/arm-none-eabi/4.8.4/../../../../arm-none-eabi/lib/armv7e-m/softfp\libcr_c.a(_frexpl.o)
 .comment       0x00000000       0x71 c:/nxp/lpcxpresso_7.3.0_186/lpcxpresso/tools/bin/../lib/gcc/arm-none-eabi/4.8.4/../../../../arm-none-eabi/lib/armv7e-m/softfp\libcr_c.a(_hugeval.o)
 .comment       0x00000000       0x71 c:/nxp/lpcxpresso_7.3.0_186/lpcxpresso/tools/bin/../lib/gcc/arm-none-eabi/4.8.4/../../../../arm-none-eabi/lib/armv7e-m/softfp\libcr_c.a(_ldexpl.o)
 .comment       0x00000000       0x71 c:/nxp/lpcxpresso_7.3.0_186/lpcxpresso/tools/bin/../lib/gcc/arm-none-eabi/4.8.4/../../../../arm-none-eabi/lib/armv7e-m/softfp\libcr_c.a(_writebuf.o)
 .comment       0x00000000       0x71 c:/nxp/lpcxpresso_7.3.0_186/lpcxpresso/tools/bin/../lib/gcc/arm-none-eabi/4.8.4/../../../../arm-none-eabi/lib/armv7e-m/softfp\libcr_c.a(alloc.o)
 .comment       0x00000000       0x71 c:/nxp/lpcxpresso_7.3.0_186/lpcxpresso/tools/bin/../lib/gcc/arm-none-eabi/4.8.4/../../../../arm-none-eabi/lib/armv7e-m/softfp\libcr_c.a(fclose.o)
 .comment       0x00000000       0x71 c:/nxp/lpcxpresso_7.3.0_186/lpcxpresso/tools/bin/../lib/gcc/arm-none-eabi/4.8.4/../../../../arm-none-eabi/lib/armv7e-m/softfp\libcr_c.a(fflush.o)
 .comment       0x00000000       0x71 c:/nxp/lpcxpresso_7.3.0_186/lpcxpresso/tools/bin/../lib/gcc/arm-none-eabi/4.8.4/../../../../arm-none-eabi/lib/armv7e-m/softfp\libcr_c.a(fseek.o)
 .comment       0x00000000       0x71 c:/nxp/lpcxpresso_7.3.0_186/lpcxpresso/tools/bin/../lib/gcc/arm-none-eabi/4.8.4/../../../../arm-none-eabi/lib/armv7e-m/softfp\libcr_c.a(ftell.o)
 .comment       0x00000000       0x71 c:/nxp/lpcxpresso_7.3.0_186/lpcxpresso/tools/bin/../lib/gcc/arm-none-eabi/4.8.4/../../../../arm-none-eabi/lib/armv7e-m/softfp\libcr_c.a(remove.o)
 .comment       0x00000000       0x71 c:/nxp/lpcxpresso_7.3.0_186/lpcxpresso/tools/bin/../lib/gcc/arm-none-eabi/4.8.4/../../../../arm-none-eabi/lib/armv7e-m/softfp\libcr_c.a(__init_alloc.o)
 .comment       0x00000000       0x71 c:/nxp/lpcxpresso_7.3.0_186/lpcxpresso/tools/bin/../lib/gcc/arm-none-eabi/4.8.4/../../../../arm-none-eabi/lib/armv7e-m/softfp\libcr_c.a(_cr_sbrk.o)
 .comment       0x00000000       0x71 c:/nxp/lpcxpresso_7.3.0_186/lpcxpresso/tools/bin/../lib/gcc/arm-none-eabi/4.8.4/../../../../arm-none-eabi/lib/armv7e-m/softfp\libcr_c.a(_do_fflush.o)
 .comment       0x00000000       0x71 c:/nxp/lpcxpresso_7.3.0_186/lpcxpresso/tools/bin/../lib/gcc/arm-none-eabi/4.8.4/../../../../arm-none-eabi/lib/armv7e-m/softfp\libcr_c.a(_cr_check_heap.o)
 .comment       0x00000000       0x71 c:/nxp/lpcxpresso_7.3.0_186/lpcxpresso/tools/bin/../lib/gcc/arm-none-eabi/4.8.4/armv7e-m/softfp\libcr_eabihelpers.a(double.o)

.ARM.attributes
                0x00000000       0x35
 .ARM.attributes
                0x00000000       0x37 ./src/SmashPad.o
 .ARM.attributes
                0x00000037       0x37 ./src/bsp.o
 .ARM.attributes
                0x0000006e       0x37 ./src/cr_startup_lpc407x_8x.o
 .ARM.attributes
                0x000000a5       0x37 ./src/crp.o
 .ARM.attributes
                0x000000dc       0x37 ./src/fonts.o
 .ARM.attributes
                0x00000113       0x37 ./src/lcd.o
 .ARM.attributes
                0x0000014a       0x37 ./src/statemachine.o
 .ARM.attributes
                0x00000181       0x37 ./src/sysinit.o
 .ARM.attributes
                0x000001b8       0x37 ./inc/qepn.o
 .ARM.attributes
                0x000001ef       0x37 ./inc/qfn.o
 .ARM.attributes
                0x00000226       0x37 C:\Users\Trenton Rochelle\Documents\LPCXpresso_7.3.0_186\workspace\lpc_board_ea_devkit_4088\Debug\liblpc_board_ea_devkit_4088.a(board.o)
 .ARM.attributes
                0x0000025d       0x37 C:\Users\Trenton Rochelle\Documents\LPCXpresso_7.3.0_186\workspace\lpc_board_ea_devkit_4088\Debug\liblpc_board_ea_devkit_4088.a(board_sysinit.o)
 .ARM.attributes
                0x00000294       0x37 C:\Users\Trenton Rochelle\Documents\LPCXpresso_7.3.0_186\workspace\lpc_chip_40xx\Debug\liblpc_chip_40xx.a(adc_17xx_40xx.o)
 .ARM.attributes
                0x000002cb       0x37 C:\Users\Trenton Rochelle\Documents\LPCXpresso_7.3.0_186\workspace\lpc_chip_40xx\Debug\liblpc_chip_40xx.a(chip_17xx_40xx.o)
 .ARM.attributes
                0x00000302       0x37 C:\Users\Trenton Rochelle\Documents\LPCXpresso_7.3.0_186\workspace\lpc_chip_40xx\Debug\liblpc_chip_40xx.a(clock_17xx_40xx.o)
 .ARM.attributes
                0x00000339       0x37 C:\Users\Trenton Rochelle\Documents\LPCXpresso_7.3.0_186\workspace\lpc_chip_40xx\Debug\liblpc_chip_40xx.a(emc_17xx_40xx.o)
 .ARM.attributes
                0x00000370       0x37 C:\Users\Trenton Rochelle\Documents\LPCXpresso_7.3.0_186\workspace\lpc_chip_40xx\Debug\liblpc_chip_40xx.a(fpu_init.o)
 .ARM.attributes
                0x000003a7       0x37 C:\Users\Trenton Rochelle\Documents\LPCXpresso_7.3.0_186\workspace\lpc_chip_40xx\Debug\liblpc_chip_40xx.a(iocon_17xx_40xx.o)
 .ARM.attributes
                0x000003de       0x37 C:\Users\Trenton Rochelle\Documents\LPCXpresso_7.3.0_186\workspace\lpc_chip_40xx\Debug\liblpc_chip_40xx.a(ring_buffer.o)
 .ARM.attributes
                0x00000415       0x37 C:\Users\Trenton Rochelle\Documents\LPCXpresso_7.3.0_186\workspace\lpc_chip_40xx\Debug\liblpc_chip_40xx.a(ssp_17xx_40xx.o)
 .ARM.attributes
                0x0000044c       0x37 C:\Users\Trenton Rochelle\Documents\LPCXpresso_7.3.0_186\workspace\lpc_chip_40xx\Debug\liblpc_chip_40xx.a(sysctl_17xx_40xx.o)
 .ARM.attributes
                0x00000483       0x37 C:\Users\Trenton Rochelle\Documents\LPCXpresso_7.3.0_186\workspace\lpc_chip_40xx\Debug\liblpc_chip_40xx.a(sysinit_17xx_40xx.o)
 .ARM.attributes
                0x000004ba       0x37 C:\Users\Trenton Rochelle\Documents\LPCXpresso_7.3.0_186\workspace\lpc_chip_40xx\Debug\liblpc_chip_40xx.a(timer_17xx_40xx.o)
 .ARM.attributes